 module

 Timestamp is 5b952ea3 (Sun Sep  9 23:30:59 2018)

 Preferred load address is 0000000180000000

 Start         Length     Name                   Class
 0001:00000000 00000130H .text$di                CODE
 0001:00000130 000298b0H .text$mn                CODE
 0001:000299e0 00000020H .text$mn$00             CODE
 0001:00029a00 000004f0H .text$x                 CODE
 0001:00029ef0 00000184H .text$yd                CODE
 0002:00000000 000002a0H .idata$5                DATA
 0002:000002a0 00000010H .00cfg                  DATA
 0002:000002b0 00000008H .CRT$XCA                DATA
 0002:000002b8 00000038H .CRT$XCC                DATA
 0002:000002f0 00000010H .CRT$XCL                DATA
 0002:00000300 00000010H .CRT$XCU                DATA
 0002:00000310 00000008H .CRT$XCZ                DATA
 0002:00000318 00000008H .CRT$XIA                DATA
 0002:00000320 00000028H .CRT$XIC                DATA
 0002:00000348 00000008H .CRT$XIZ                DATA
 0002:00000350 00000008H .CRT$XPA                DATA
 0002:00000358 00000010H .CRT$XPX                DATA
 0002:00000368 00000008H .CRT$XPXA               DATA
 0002:00000370 00000008H .CRT$XPZ                DATA
 0002:00000378 00000008H .CRT$XTA                DATA
 0002:00000380 00000010H .CRT$XTZ                DATA
 0002:00000388 00000000H .gfids$y                DATA
 0002:00000390 00011cd0H .rdata                  DATA
 0002:00012060 00001064H .rdata$r                DATA
 0002:000130c4 000003fcH .rdata$zzzdbg           DATA
 0002:000134c0 00000008H .rtc$IAA                DATA
 0002:000134c8 00000008H .rtc$IZZ                DATA
 0002:000134d0 00000008H .rtc$TAA                DATA
 0002:000134d8 00000008H .rtc$TZZ                DATA
 0002:000134e0 000022b8H .xdata                  DATA
 0002:00015798 00000394H .xdata$x                DATA
 0002:00015b2c 00000020H .didat$2                DATA
 0002:00015b4c 00000024H .didat$3                DATA
 0002:00015b70 00000060H .didat$4                DATA
 0002:00015bd0 00000108H .didat$6                DATA
 0002:00015cd8 00000068H .didat$7                DATA
 0002:00015d40 00000050H .edata                  DATA
 0002:00015d90 00000014H .idata$2                DATA
 0002:00015da4 00000014H .idata$3                DATA
 0002:00015db8 000002a0H .idata$4                DATA
 0002:00016058 0000060cH .idata$6                DATA
 0003:00000000 00000bb0H .data                   DATA
 0003:00000bb0 00000610H .data$r                 DATA
 0003:000011c0 00000060H .didat$5                DATA
 0003:00001220 000019d4H .bss                    DATA
 0004:00000000 00002568H .pdata                  DATA
 0005:00000000 00000060H .rsrc$01                DATA
 0005:00000060 00000180H .rsrc$02                DATA

  Address         Publics by Value              Rva+Base               Lib:Object

 0000:00000000       __guard_fids_count         0000000000000000     <absolute>
 0000:00000000       __volatile_metadata        0000000000000000     <absolute>
 0000:00000000       __guard_longjmp_count      0000000000000000     <absolute>
 0000:00000000       __guard_longjmp_table      0000000000000000     <absolute>
 0000:00000000       __guard_iat_table          0000000000000000     <absolute>
 0000:00000000       __hybrid_code_map_count    0000000000000000     <absolute>
 0000:00000000       __guard_iat_count          0000000000000000     <absolute>
 0000:00000000       ___safe_se_handler_count   0000000000000000     <absolute>
 0000:00000000       __enclave_config           0000000000000000     <absolute>
 0000:00000000       __hybrid_code_map          0000000000000000     <absolute>
 0000:00000000       ___safe_se_handler_table   0000000000000000     <absolute>
 0000:00000000       __guard_fids_table         0000000000000000     <absolute>
 0000:00000000       __hybrid_auxiliary_iat     0000000000000000     <absolute>
 0000:00000000       __dynamic_value_reloc_table 0000000000000000     <absolute>
 0000:00000100       __guard_flags              0000000000000100     <absolute>
 0000:00000000       __ImageBase                0000000180000000     <linker-defined>
 0001:00000130       __local_stdio_printf_options 0000000180001130 f i module.obj
 0001:00000140       sprintf_s                  0000000180001140 f i module.obj
 0001:000001a0       ?what@exception@stdext@@UEBAPEBDXZ 00000001800011a0 f i module.obj
 0001:000001c0       ?_Raise@exception@stdext@@QEBAXXZ 00000001800011c0 f i module.obj
 0001:00000200       ?_Lock@?$basic_streambuf@DU?$char_traits@D@std@@@std@@UEAAXXZ 0000000180001200 f i libcpmt:cout.obj
 0001:00000200       ?imbue@?$basic_streambuf@DU?$char_traits@D@std@@@std@@MEAAXAEBVlocale@2@@Z 0000000180001200 f i libcpmt:cout.obj
 0001:00000200       _guard_check_icall_nop     0000000180001200 f i LIBCMT:guard_support.obj
 0001:00000200       ?_Doraise@exception@stdext@@MEBAXXZ 0000000180001200 f i module.obj
 0001:00000200       ?_Unlock@?$basic_streambuf@DU?$char_traits@D@std@@@std@@UEAAXXZ 0000000180001200 f i libcpmt:cout.obj
 0001:00000210       ??_Eexception@stdext@@UEAAPEAXI@Z 0000000180001210 f i * CIL library *:* CIL module *
 0001:00000210       ??_Gexception@stdext@@UEAAPEAXI@Z 0000000180001210 f i module.obj
 0001:00000210       ??_Gruntime_error@std@@UEAAPEAXI@Z 0000000180001210 f i module.obj
 0001:00000210       ??_Eruntime_error@std@@UEAAPEAXI@Z 0000000180001210 f i * CIL library *:* CIL module *
 0001:00000240       ??0runtime_error@std@@QEAA@PEBD@Z 0000000180001240 f i module.obj
 0001:00000260       ??0_Locinfo@std@@QEAA@PEBD@Z 0000000180001260 f i module.obj
 0001:000002e0       ??1_Locinfo@std@@QEAA@XZ   00000001800012e0 f i module.obj
 0001:00000380       ??_E_Facet_base@std@@UEAAPEAXI@Z 0000000180001380 f i * CIL library *:* CIL module *
 0001:00000380       ??_G_Facet_base@std@@UEAAPEAXI@Z 0000000180001380 f i module.obj
 0001:000003b0       ?_Incref@facet@locale@std@@UEAAXXZ 00000001800013b0 f i module.obj
 0001:000003c0       ?_Decref@facet@locale@std@@UEAAPEAV_Facet_base@3@XZ 00000001800013c0 f i module.obj
 0001:000003d0       ??1locale@std@@QEAA@XZ     00000001800013d0 f i module.obj
 0001:00000400       ?do_tolower@?$ctype@D@std@@MEBADD@Z 0000000180001400 f i module.obj
 0001:00000410       ?do_tolower@?$ctype@D@std@@MEBAPEBDPEADPEBD@Z 0000000180001410 f i module.obj
 0001:00000470       ?do_toupper@?$ctype@D@std@@MEBADD@Z 0000000180001470 f i module.obj
 0001:00000480       ?do_toupper@?$ctype@D@std@@MEBAPEBDPEADPEBD@Z 0000000180001480 f i module.obj
 0001:000004e0       ?do_widen@?$ctype@D@std@@MEBADD@Z 00000001800014e0 f i module.obj
 0001:000004e0       ?do_narrow@?$ctype@D@std@@MEBADDD@Z 00000001800014e0 f i module.obj
 0001:000004f0       ?do_widen@?$ctype@D@std@@MEBAPEBDPEBD0PEAD@Z 00000001800014f0 f i module.obj
 0001:00000510       ?do_narrow@?$ctype@D@std@@MEBAPEBDPEBD0DPEAD@Z 0000000180001510 f i module.obj
 0001:00000530       ??_G?$ctype@D@std@@MEAAPEAXI@Z 0000000180001530 f i module.obj
 0001:00000530       ??_E?$ctype@D@std@@MEAAPEAXI@Z 0000000180001530 f i * CIL library *:* CIL module *
 0001:000005a0       ?default_error_condition@error_category@std@@UEBA?AVerror_condition@2@H@Z 00000001800015a0 f i module.obj
 0001:000005b0       ?equivalent@error_category@std@@UEBA_NHAEBVerror_condition@2@@Z 00000001800015b0 f i module.obj
 0001:000005f0       ?equivalent@error_category@std@@UEBA_NAEBVerror_code@2@H@Z 00000001800015f0 f i module.obj
 0001:00000610       ?make_error_code@std@@YA?AVerror_code@1@W4io_errc@1@@Z 0000000180001610 f i module.obj
 0001:00000660       ??0_System_error@std@@IEAA@Verror_code@1@AEBV?$basic_string@DU?$char_traits@D@std@@V?$allocator@D@2@@1@@Z 0000000180001660 f i module.obj
 0001:00000890       ??_G_System_error@std@@UEAAPEAXI@Z 0000000180001890 f i module.obj
 0001:00000890       ??_E_System_error@std@@UEAAPEAXI@Z 0000000180001890 f i * CIL library *:* CIL module *
 0001:00000890       ??_Gfailure@ios_base@std@@UEAAPEAXI@Z 0000000180001890 f i module.obj
 0001:00000890       ??_Esystem_error@std@@UEAAPEAXI@Z 0000000180001890 f i * CIL library *:* CIL module *
 0001:00000890       ??_Efailure@ios_base@std@@UEAAPEAXI@Z 0000000180001890 f i * CIL library *:* CIL module *
 0001:00000890       ??_Gsystem_error@std@@UEAAPEAXI@Z 0000000180001890 f i module.obj
 0001:000008c0       ?name@_Iostream_error_category@std@@UEBAPEBDXZ 00000001800018c0 f i module.obj
 0001:000008d0       ?message@_Iostream_error_category@std@@UEBA?AV?$basic_string@DU?$char_traits@D@std@@V?$allocator@D@2@@2@H@Z 00000001800018d0 f i module.obj
 0001:00000950       ??_E_Iostream_error_category@std@@UEAAPEAXI@Z 0000000180001950 f i * CIL library *:* CIL module *
 0001:00000950       ??_G_Iostream_error_category@std@@UEAAPEAXI@Z 0000000180001950 f i module.obj
 0001:00000980       ??0failure@ios_base@std@@QEAA@PEBDAEBVerror_code@2@@Z 0000000180001980 f i module.obj
 0001:00000a50       ??1failure@ios_base@std@@UEAA@XZ 0000000180001a50 f i module.obj
 0001:00000a60       ?Init@@YAPEAUnapi_value__@@PEAUnapi_env__@@PEAU1@@Z 0000000180001a60 f   module.obj
 0001:00000e50       ??1?$basic_string@DU?$char_traits@D@std@@V?$allocator@D@2@@std@@QEAA@XZ 0000000180001e50 f i module.obj
 0001:00000eb0       ??0?$basic_string@DU?$char_traits@D@std@@V?$allocator@D@2@@std@@QEAA@_KD@Z 0000000180001eb0 f i module.obj
 0001:00001020       ??6?$basic_ostream@DU?$char_traits@D@std@@@std@@QEAAAEAV01@H@Z 0000000180002020 f i module.obj
 0001:000011f0       ??0sentry@?$basic_ostream@DU?$char_traits@D@std@@@std@@QEAA@AEAV12@@Z 00000001800021f0 f i module.obj
 0001:00001320       ?do_put@?$num_put@DV?$ostreambuf_iterator@DU?$char_traits@D@std@@@std@@@std@@MEBA?AV?$ostreambuf_iterator@DU?$char_traits@D@std@@@2@V32@AEAVios_base@2@DPEBX@Z 0000000180002320 f i module.obj
 0001:000013c0       ?do_put@?$num_put@DV?$ostreambuf_iterator@DU?$char_traits@D@std@@@std@@@std@@MEBA?AV?$ostreambuf_iterator@DU?$char_traits@D@std@@@2@V32@AEAVios_base@2@DO@Z 00000001800023c0 f i module.obj
 0001:000016a0       ?do_put@?$num_put@DV?$ostreambuf_iterator@DU?$char_traits@D@std@@@std@@@std@@MEBA?AV?$ostreambuf_iterator@DU?$char_traits@D@std@@@2@V32@AEAVios_base@2@DN@Z 00000001800026a0 f i module.obj
 0001:00001980       ?do_put@?$num_put@DV?$ostreambuf_iterator@DU?$char_traits@D@std@@@std@@@std@@MEBA?AV?$ostreambuf_iterator@DU?$char_traits@D@std@@@2@V32@AEAVios_base@2@D_K@Z 0000000180002980 f i module.obj
 0001:00001aa0       ?do_put@?$num_put@DV?$ostreambuf_iterator@DU?$char_traits@D@std@@@std@@@std@@MEBA?AV?$ostreambuf_iterator@DU?$char_traits@D@std@@@2@V32@AEAVios_base@2@D_J@Z 0000000180002aa0 f i module.obj
 0001:00001bc0       ?do_put@?$num_put@DV?$ostreambuf_iterator@DU?$char_traits@D@std@@@std@@@std@@MEBA?AV?$ostreambuf_iterator@DU?$char_traits@D@std@@@2@V32@AEAVios_base@2@DK@Z 0000000180002bc0 f i module.obj
 0001:00001ce0       ?do_put@?$num_put@DV?$ostreambuf_iterator@DU?$char_traits@D@std@@@std@@@std@@MEBA?AV?$ostreambuf_iterator@DU?$char_traits@D@std@@@2@V32@AEAVios_base@2@DJ@Z 0000000180002ce0 f i module.obj
 0001:00001e00       ?do_put@?$num_put@DV?$ostreambuf_iterator@DU?$char_traits@D@std@@@std@@@std@@MEBA?AV?$ostreambuf_iterator@DU?$char_traits@D@std@@@2@V32@AEAVios_base@2@D_N@Z 0000000180002e00 f i module.obj
 0001:00002100       ?append@?$basic_string@DU?$char_traits@D@std@@V?$allocator@D@2@@std@@QEAAAEAV12@QEBD_K@Z 0000000180003100 f i module.obj
 0001:00002180       ?setstate@?$basic_ios@DU?$char_traits@D@std@@@std@@QEAAXH_N@Z 0000000180003180 f i module.obj
 0001:00002200       ??_G?$num_put@DV?$ostreambuf_iterator@DU?$char_traits@D@std@@@std@@@std@@MEAAPEAXI@Z 0000000180003200 f i module.obj
 0001:00002200       ??_G?$codecvt@DDU_Mbstatet@@@std@@MEAAPEAXI@Z 0000000180003200 f i libcpmt:cout.obj
 0001:00002200       ??_E?$num_put@DV?$ostreambuf_iterator@DU?$char_traits@D@std@@@std@@@std@@MEAAPEAXI@Z 0000000180003200 f i * CIL library *:* CIL module *
 0001:00002200       ??_E?$codecvt@DDU_Mbstatet@@@std@@MEAAPEAXI@Z 0000000180003200 f i libcpmt:cout.obj
 0001:00002230       ?do_truename@?$numpunct@D@std@@MEBA?AV?$basic_string@DU?$char_traits@D@std@@V?$allocator@D@2@@2@XZ 0000000180003230 f i module.obj
 0001:00002280       ?do_falsename@?$numpunct@D@std@@MEBA?AV?$basic_string@DU?$char_traits@D@std@@V?$allocator@D@2@@2@XZ 0000000180003280 f i module.obj
 0001:000022d0       ?do_grouping@?$numpunct@D@std@@MEBA?AV?$basic_string@DU?$char_traits@D@std@@V?$allocator@D@2@@2@XZ 00000001800032d0 f i module.obj
 0001:00002320       ?do_thousands_sep@?$numpunct@D@std@@MEBADXZ 0000000180003320 f i module.obj
 0001:00002330       ?do_decimal_point@?$numpunct@D@std@@MEBADXZ 0000000180003330 f i module.obj
 0001:00002340       ?_Iput@?$num_put@DV?$ostreambuf_iterator@DU?$char_traits@D@std@@@std@@@std@@AEBA?AV?$ostreambuf_iterator@DU?$char_traits@D@std@@@2@V32@AEAVios_base@2@DPEAD_K@Z 0000000180003340 f i module.obj
 0001:000029b0       ?_Fput@?$num_put@DV?$ostreambuf_iterator@DU?$char_traits@D@std@@@std@@@std@@AEBA?AV?$ostreambuf_iterator@DU?$char_traits@D@std@@@2@V32@AEAVios_base@2@DPEBD_K@Z 00000001800039b0 f i module.obj
 0001:000030a0       ?assign@?$basic_string@DU?$char_traits@D@std@@V?$allocator@D@2@@std@@QEAAAEAV12@QEBD_K@Z 00000001800040a0 f i module.obj
 0001:000031f0       ??_G?$numpunct@D@std@@MEAAPEAXI@Z 00000001800041f0 f i module.obj
 0001:000031f0       ??_E?$numpunct@D@std@@MEAAPEAXI@Z 00000001800041f0 f i * CIL library *:* CIL module *
 0001:00003250       ?_Xran@?$_String_val@U?$_Simple_types@D@std@@@std@@SAXXZ 0000000180004250 f i module.obj
 0001:00003270       ??$use_facet@V?$ctype@D@std@@@std@@YAAEBV?$ctype@D@0@AEBVlocale@0@@Z 0000000180004270 f i module.obj
 0001:00003470       ?napi_instance@?$NAPI_Export@VTimeline@olive@@@olive@@QEAAPEAUnapi_value__@@XZ 0000000180004470 f i module.obj
 0001:00003470       ?napi_instance@?$NAPI_Export@VTimelineLayer@olive@@@olive@@QEAAPEAUnapi_value__@@XZ 0000000180004470 f i timeline.obj
 0001:000034f0       ??$?6U?$char_traits@D@std@@@std@@YAAEAV?$basic_ostream@DU?$char_traits@D@std@@@0@AEAV10@PEBD@Z 00000001800044f0 f i module.obj
 0001:00003780       ??$use_facet@V?$num_put@DV?$ostreambuf_iterator@DU?$char_traits@D@std@@@std@@@std@@@std@@YAAEBV?$num_put@DV?$ostreambuf_iterator@DU?$char_traits@D@std@@@std@@@0@AEBVlocale@0@@Z 0000000180004780 f i module.obj
 0001:00003960       ??$use_facet@V?$numpunct@D@std@@@std@@YAAEBV?$numpunct@D@0@AEBVlocale@0@@Z 0000000180004960 f i module.obj
 0001:00003f20       ??1?$unique_ptr@V_Facet_base@std@@U?$default_delete@V_Facet_base@std@@@2@@std@@QEAA@XZ 0000000180004f20 f i module.obj
 0001:00003f40       ?_Getcat@?$numpunct@D@std@@SA_KPEAPEBVfacet@locale@2@PEBV42@@Z 0000000180004f40 f i module.obj
 0001:00004130       ?_Xlen@?$basic_string@DU?$char_traits@D@std@@V?$allocator@D@2@@std@@SAXXZ 0000000180005130 f i module.obj
 0001:00004150       ??6?$basic_ostream@DU?$char_traits@D@std@@@std@@QEAAAEAV01@_N@Z 0000000180005150 f i module.obj
 0001:00004330       ?NAPI_Constructor@?$NAPI_Export@VTimeline@olive@@@olive@@SAPEAUnapi_value__@@PEAUnapi_env__@@PEAUnapi_callback_info__@@@Z 0000000180005330 f i module.obj
 0001:00004330       ?sync@?$basic_streambuf@DU?$char_traits@D@std@@@std@@MEAAHXZ 0000000180005330 f i libcpmt:cout.obj
 0001:00004330       ?NAPI_Constructor@?$NAPI_Export@VTimelineLayer@olive@@@olive@@SAPEAUnapi_value__@@PEAUnapi_env__@@PEAUnapi_callback_info__@@@Z 0000000180005330 f i module.obj
 0001:00004330       ?showmanyc@?$basic_streambuf@DU?$char_traits@D@std@@@std@@MEAA_JXZ 0000000180005330 f i libcpmt:cout.obj
 0001:00004340       ??$_Immortalize_impl@V_Iostream_error_category@std@@@std@@YAHPEAX0PEAPEAX@Z 0000000180005340 f i module.obj
 0001:00004360       ?NAPI_AddTimelineLayer@Timeline@olive@@SAPEAUnapi_value__@@PEAUnapi_env__@@PEAUnapi_callback_info__@@@Z 0000000180005360 f i timeline.obj
 0001:00004490       ??0Timeline@olive@@QEAA@XZ 0000000180005490 f   timeline.obj
 0001:00004730       ?AddTimelineLayer@Timeline@olive@@QEAAQEAVTimelineLayer@2@XZ 0000000180005730 f   timeline.obj
 0001:000049c0       ??1?$unique_ptr@VTimelineLayer@olive@@U?$default_delete@VTimelineLayer@olive@@@std@@@std@@QEAA@XZ 00000001800059c0 f i timeline.obj
 0001:00004a80       ?erase@?$_Tree@V?$_Tmap_traits@HV?$unique_ptr@VTimelineLayer@olive@@U?$default_delete@VTimelineLayer@olive@@@std@@@std@@U?$less@H@2@V?$allocator@U?$pair@$$CBHV?$unique_ptr@VTimelineLayer@olive@@U?$default_delete@VTimelineLayer@olive@@@std@@@std@@@std@@@2@$0A@@std@@@std@@QEAA?AV?$_Tree_iterator@V?$_Tree_val@U?$_Tree_simple_types@U?$pair@$$CBHV?$unique_ptr@VTimelineLayer@olive@@U?$default_delete@VTimelineLayer@olive@@@std@@@std@@@std@@@std@@@std@@@2@V?$_Tree_const_iterator@V?$_Tree_val@U?$_Tree_simple_types@U?$pair@$$CBHV?$unique_ptr@VTimelineLayer@olive@@U?$default_delete@VTimelineLayer@olive@@@std@@@std@@@std@@@std@@@std@@@2@0@Z 0000000180005a80 f i timeline.obj
 0001:00004c20       ?_Extract@?$_Tree_val@U?$_Tree_simple_types@U?$pair@$$CBHV?$unique_ptr@VTimelineLayer@olive@@U?$default_delete@VTimelineLayer@olive@@@std@@@std@@@std@@@std@@@std@@QEAAPEAU?$_Tree_node@U?$pair@$$CBHV?$unique_ptr@VTimelineLayer@olive@@U?$default_delete@VTimelineLayer@olive@@@std@@@std@@@std@@PEAX@2@V?$_Tree_const_iterator@V?$_Tree_val@U?$_Tree_simple_types@U?$pair@$$CBHV?$unique_ptr@VTimelineLayer@olive@@U?$default_delete@VTimelineLayer@olive@@@std@@@std@@@std@@@std@@@std@@@2@@Z 0000000180005c20 f i timeline.obj
 0001:000050c0       ?_Erase@?$_Tree@V?$_Tmap_traits@HV?$unique_ptr@VTimelineLayer@olive@@U?$default_delete@VTimelineLayer@olive@@@std@@@std@@U?$less@H@2@V?$allocator@U?$pair@$$CBHV?$unique_ptr@VTimelineLayer@olive@@U?$default_delete@VTimelineLayer@olive@@@std@@@std@@@std@@@2@$0A@@std@@@std@@IEAAXPEAU?$_Tree_node@U?$pair@$$CBHV?$unique_ptr@VTimelineLayer@olive@@U?$default_delete@VTimelineLayer@olive@@@std@@@std@@@std@@PEAX@2@@Z 00000001800060c0 f i timeline.obj
 0001:00005120       ??$_Insert_nohint@AEAU?$pair@$$CBHV?$unique_ptr@VTimelineLayer@olive@@U?$default_delete@VTimelineLayer@olive@@@std@@@std@@@std@@PEAU?$_Tree_node@U?$pair@$$CBHV?$unique_ptr@VTimelineLayer@olive@@U?$default_delete@VTimelineLayer@olive@@@std@@@std@@@std@@PEAX@2@@?$_Tree@V?$_Tmap_traits@HV?$unique_ptr@VTimelineLayer@olive@@U?$default_delete@VTimelineLayer@olive@@@std@@@std@@U?$less@H@2@V?$allocator@U?$pair@$$CBHV?$unique_ptr@VTimelineLayer@olive@@U?$default_delete@VTimelineLayer@olive@@@std@@@std@@@std@@@2@$0A@@std@@@std@@IEAA?AU?$pair@V?$_Tree_iterator@V?$_Tree_val@U?$_Tree_simple_types@U?$pair@$$CBHV?$unique_ptr@VTimelineLayer@olive@@U?$default_delete@VTimelineLayer@olive@@@std@@@std@@@std@@@std@@@std@@@std@@_N@1@_NAEAU?$pair@$$CBHV?$unique_ptr@VTimelineLayer@olive@@U?$default_delete@VTimelineLayer@olive@@@std@@@std@@@1@PEAU?$_Tree_node@U?$pair@$$CBHV?$unique_ptr@VTimelineLayer@olive@@U?$default_delete@VTimelineLayer@olive@@@std@@@std@@@std@@PEAX@1@@Z 0000000180006120 f i timeline.obj
 0001:00005260       ?_Destroy_if_node@?$_Tree@V?$_Tmap_traits@HV?$unique_ptr@VTimelineLayer@olive@@U?$default_delete@VTimelineLayer@olive@@@std@@@std@@U?$less@H@2@V?$allocator@U?$pair@$$CBHV?$unique_ptr@VTimelineLayer@olive@@U?$default_delete@VTimelineLayer@olive@@@std@@@std@@@std@@@2@$0A@@std@@@std@@IEAAXPEAU?$_Tree_node@U?$pair@$$CBHV?$unique_ptr@VTimelineLayer@olive@@U?$default_delete@VTimelineLayer@olive@@@std@@@std@@@std@@PEAX@2@@Z 0000000180006260 f i timeline.obj
 0001:00005290       ??$_Insert_at@AEAU?$pair@$$CBHV?$unique_ptr@VTimelineLayer@olive@@U?$default_delete@VTimelineLayer@olive@@@std@@@std@@@std@@PEAU?$_Tree_node@U?$pair@$$CBHV?$unique_ptr@VTimelineLayer@olive@@U?$default_delete@VTimelineLayer@olive@@@std@@@std@@@std@@PEAX@2@@?$_Tree@V?$_Tmap_traits@HV?$unique_ptr@VTimelineLayer@olive@@U?$default_delete@VTimelineLayer@olive@@@std@@@std@@U?$less@H@2@V?$allocator@U?$pair@$$CBHV?$unique_ptr@VTimelineLayer@olive@@U?$default_delete@VTimelineLayer@olive@@@std@@@std@@@std@@@2@$0A@@std@@@std@@IEAA?AV?$_Tree_iterator@V?$_Tree_val@U?$_Tree_simple_types@U?$pair@$$CBHV?$unique_ptr@VTimelineLayer@olive@@U?$default_delete@VTimelineLayer@olive@@@std@@@std@@@std@@@std@@@std@@@1@_NPEAU?$_Tree_node@U?$pair@$$CBHV?$unique_ptr@VTimelineLayer@olive@@U?$default_delete@VTimelineLayer@olive@@@std@@@std@@@std@@PEAX@1@AEAU?$pair@$$CBHV?$unique_ptr@VTimelineLayer@olive@@U?$default_delete@VTimelineLayer@olive@@@std@@@std@@@1@1@Z 0000000180006290 f i timeline.obj
 0001:00005540       ??0TimelineLayer@olive@@QEAA@H@Z 0000000180006540 f   timeline_layer.obj
 0001:0000582c       __imp_load_napi_module_register 000000018000682c f   node:node.exe
 0001:00005838       __tailMerge_node_exe       0000000180006838     node:node.exe
 0001:000058b1       __imp_load_napi_set_named_property 00000001800068b1 f   node:node.exe
 0001:000058bd       __imp_load_napi_define_class 00000001800068bd f   node:node.exe
 0001:000058c9       __imp_load_napi_create_reference 00000001800068c9 f   node:node.exe
 0001:000058d5       __imp_load_napi_get_reference_value 00000001800068d5 f   node:node.exe
 0001:000058e1       __imp_load_napi_create_object 00000001800068e1 f   node:node.exe
 0001:000058ed       __imp_load_napi_get_value_external 00000001800068ed f   node:node.exe
 0001:000058f9       __imp_load_napi_create_external 00000001800068f9 f   node:node.exe
 0001:00005905       __imp_load_napi_get_named_property 0000000180006905 f   node:node.exe
 0001:00005911       __imp_load_napi_new_instance 0000000180006911 f   node:node.exe
 0001:0000591d       __imp_load_napi_get_cb_info 000000018000691d f   node:node.exe
 0001:0000592c       ??0_Init_locks@std@@QEAA@XZ 000000018000692c f   libcpmt:xlock.obj
 0001:00005978       ??0_Lockit@std@@QEAA@H@Z   0000000180006978 f   libcpmt:xlock.obj
 0001:000059b4       ??1_Init_locks@std@@QEAA@XZ 00000001800069b4 f   libcpmt:xlock.obj
 0001:000059f8       ??1_Lockit@std@@QEAA@XZ    00000001800069f8 f   libcpmt:xlock.obj
 0001:00005a2c       ??0_System_error@std@@QEAA@AEBV01@@Z 0000000180006a2c f i libcpmt:xonce.obj
 0001:00005a80       ??0exception@std@@QEAA@AEBV01@@Z 0000000180006a80 f i libcpmt:xonce.obj
 0001:00005ab8       ??0runtime_error@std@@QEAA@AEBV01@@Z 0000000180006ab8 f i libcpmt:xonce.obj
 0001:00005af8       ??0system_error@std@@QEAA@AEBV01@@Z 0000000180006af8 f i libcpmt:xonce.obj
 0001:00005b54       ??_Elength_error@std@@UEAAPEAXI@Z 0000000180006b54 f i libcpmt:xthrow.obj
 0001:00005b54       ??_Ebad_array_new_length@std@@UEAAPEAXI@Z 0000000180006b54 f i LIBCMT:throw_bad_alloc.obj
 0001:00005b54       ??_Gbad_array_new_length@std@@UEAAPEAXI@Z 0000000180006b54 f i LIBCMT:throw_bad_alloc.obj
 0001:00005b54       ??_Ebad_alloc@std@@UEAAPEAXI@Z 0000000180006b54 f i libcpmt:xthrow.obj
 0001:00005b54       ??_Ebad_exception@std@@UEAAPEAXI@Z 0000000180006b54 f i libvcruntime:frame.obj
 0001:00005b54       ??_Glength_error@std@@UEAAPEAXI@Z 0000000180006b54 f i libcpmt:xthrow.obj
 0001:00005b54       ??_Gexception@std@@UEAAPEAXI@Z 0000000180006b54 f i libcpmt:xonce.obj
 0001:00005b54       ??_Elogic_error@std@@UEAAPEAXI@Z 0000000180006b54 f i libcpmt:xthrow.obj
 0001:00005b54       ??_Eexception@std@@UEAAPEAXI@Z 0000000180006b54 f i libcpmt:xonce.obj
 0001:00005b54       ??_Eout_of_range@std@@UEAAPEAXI@Z 0000000180006b54 f i libcpmt:xthrow.obj
 0001:00005b54       ??_Gbad_exception@std@@UEAAPEAXI@Z 0000000180006b54 f i libvcruntime:frame.obj
 0001:00005b54       ??_Gbad_alloc@std@@UEAAPEAXI@Z 0000000180006b54 f i libcpmt:xthrow.obj
 0001:00005b54       ??_Glogic_error@std@@UEAAPEAXI@Z 0000000180006b54 f i libcpmt:xthrow.obj
 0001:00005b54       ??_Ebad_cast@std@@UEAAPEAXI@Z 0000000180006b54 f i libcpmt:cout.obj
 0001:00005b54       ??_Gout_of_range@std@@UEAAPEAXI@Z 0000000180006b54 f i libcpmt:xthrow.obj
 0001:00005b54       ??_Gbad_cast@std@@UEAAPEAXI@Z 0000000180006b54 f i libcpmt:cout.obj
 0001:00005b98       ?_Execute_once@std@@YAHAEAUonce_flag@1@P6AHPEAX1PEAPEAX@Z1@Z 0000000180006b98 f   libcpmt:xonce.obj
 0001:00005ba0       ?what@exception@std@@UEBAPEBDXZ 0000000180006ba0 f i libcpmt:xonce.obj
 0001:00005d10       ??$use_facet@V?$codecvt@DDU_Mbstatet@@@std@@@std@@YAAEBV?$codecvt@DDU_Mbstatet@@@0@AEBVlocale@0@@Z 0000000180006d10 f i libcpmt:cout.obj
 0001:00005e44       ??0?$basic_ostream@DU?$char_traits@D@std@@@std@@QEAA@PEAV?$basic_streambuf@DU?$char_traits@D@std@@@1@_N@Z 0000000180006e44 f i libcpmt:cout.obj
 0001:00005ec0       ??0?$basic_streambuf@DU?$char_traits@D@std@@@std@@IEAA@XZ 0000000180006ec0 f i libcpmt:cout.obj
 0001:00005f70       ??0_Init_cout@std@@QEAA@XZ 0000000180006f70 f i libcpmt:cout.obj
 0001:00005fdc       ??0bad_cast@std@@QEAA@AEBV01@@Z 0000000180006fdc f i libcpmt:cout.obj
 0001:0000601c       ??0bad_cast@std@@QEAA@XZ   000000018000701c f i libcpmt:cout.obj
 0001:0000603c       ??0failure@ios_base@std@@QEAA@AEBV012@@Z 000000018000703c f i libcpmt:cout.obj
 0001:00006098       ??1?$basic_filebuf@DU?$char_traits@D@std@@@std@@UEAA@XZ 0000000180007098 f i libcpmt:cout.obj
 0001:00006130       ??1?$basic_ios@DU?$char_traits@D@std@@@std@@UEAA@XZ 0000000180007130 f i libcpmt:cout.obj
 0001:00006154       ??1?$basic_streambuf@DU?$char_traits@D@std@@@std@@UEAA@XZ 0000000180007154 f i libcpmt:cout.obj
 0001:000061bc       ??1bad_exception@std@@UEAA@XZ 00000001800071bc f i libvcruntime:frame.obj
 0001:000061bc       ??1bad_array_new_length@std@@UEAA@XZ 00000001800071bc f i LIBCMT:throw_bad_alloc.obj
 0001:000061bc       ??1bad_cast@std@@UEAA@XZ   00000001800071bc f i libcpmt:cout.obj
 0001:000061bc       ??1out_of_range@std@@UEAA@XZ 00000001800071bc f i libcpmt:xthrow.obj
 0001:000061bc       ??1length_error@std@@UEAA@XZ 00000001800071bc f i libcpmt:xthrow.obj
 0001:000061bc       ??1bad_alloc@std@@UEAA@XZ  00000001800071bc f i libcpmt:xthrow.obj
 0001:000061d0       ??_E?$basic_ostream@DU?$char_traits@D@std@@@std@@$4PPPPPPPM@A@EAAPEAXI@Z 00000001800071d0 f i libcpmt:cout.obj
 0001:000061dc       ??_G?$basic_filebuf@DU?$char_traits@D@std@@@std@@UEAAPEAXI@Z 00000001800071dc f i libcpmt:cout.obj
 0001:000061dc       ??_E?$basic_filebuf@DU?$char_traits@D@std@@@std@@UEAAPEAXI@Z 00000001800071dc f i libcpmt:cout.obj
 0001:00006210       ??_G?$basic_ios@DU?$char_traits@D@std@@@std@@UEAAPEAXI@Z 0000000180007210 f i libcpmt:cout.obj
 0001:00006210       ??_E?$basic_ios@DU?$char_traits@D@std@@@std@@UEAAPEAXI@Z 0000000180007210 f i libcpmt:cout.obj
 0001:0000625c       ??_G?$basic_ostream@DU?$char_traits@D@std@@@std@@UEAAPEAXI@Z 000000018000725c f i libcpmt:cout.obj
 0001:0000625c       ??_E?$basic_ostream@DU?$char_traits@D@std@@@std@@UEAAPEAXI@Z 000000018000725c f i libcpmt:cout.obj
 0001:000062cc       ??_G?$basic_streambuf@DU?$char_traits@D@std@@@std@@UEAAPEAXI@Z 00000001800072cc f i libcpmt:cout.obj
 0001:000062cc       ??_E?$basic_streambuf@DU?$char_traits@D@std@@@std@@UEAAPEAXI@Z 00000001800072cc f i libcpmt:cout.obj
 0001:00006300       ??_Eios_base@std@@UEAAPEAXI@Z 0000000180007300 f i libcpmt:cout.obj
 0001:00006300       ??_Gios_base@std@@UEAAPEAXI@Z 0000000180007300 f i libcpmt:cout.obj
 0001:0000634c       ?_Endwrite@?$basic_filebuf@DU?$char_traits@D@std@@@std@@IEAA_NXZ 000000018000734c f i libcpmt:cout.obj
 0001:00006424       ?_Getcat@?$codecvt@DDU_Mbstatet@@@std@@SA_KPEAPEBVfacet@locale@2@PEBV42@@Z 0000000180007424 f i libcpmt:cout.obj
 0001:000064e8       ?_Init@?$basic_filebuf@DU?$char_traits@D@std@@@std@@IEAAXPEAU_iobuf@@W4_Initfl@12@@Z 00000001800074e8 f i libcpmt:cout.obj
 0001:000065d4       ?_Init@ios_base@std@@IEAAXXZ 00000001800075d4 f i libcpmt:cout.obj
 0001:00006650       ?_Initcvt@?$basic_filebuf@DU?$char_traits@D@std@@@std@@IEAAXAEBV?$codecvt@DDU_Mbstatet@@@2@@Z 0000000180007650 f i libcpmt:cout.obj
 0001:000066e0       ?_Lock@?$basic_filebuf@DU?$char_traits@D@std@@@std@@UEAAXXZ 00000001800076e0 f i libcpmt:cout.obj
 0001:000066fc       ?_Unlock@?$basic_filebuf@DU?$char_traits@D@std@@@std@@UEAAXXZ 00000001800076fc f i libcpmt:cout.obj
 0001:00006718       ?clear@ios_base@std@@QEAAXH@Z 0000000180007718 f i libcpmt:cout.obj
 0001:00006784       __acrt_uninitialize_command_line 0000000180007784 f i libucrt:argv_data.obj
 0001:00006784       ?do_always_noconv@?$codecvt@DDU_Mbstatet@@@std@@MEBA_NXZ 0000000180007784 f i libcpmt:cout.obj
 0001:00006788       ?do_encoding@codecvt_base@std@@MEBAHXZ 0000000180007788 f i libcpmt:cout.obj
 0001:00006788       _get_startup_argv_mode     0000000180007788 f i LIBCMT:argv_mode.obj
 0001:00006788       ?do_max_length@codecvt_base@std@@MEBAHXZ 0000000180007788 f i libcpmt:cout.obj
 0001:00006788       DllMain                    0000000180007788 f i LIBCMT:dll_dllmain_stub.obj
 0001:00006790       ?do_out@?$codecvt@DDU_Mbstatet@@@std@@MEBAHAEAU_Mbstatet@@PEBD1AEAPEBDPEAD3AEAPEAD@Z 0000000180007790 f i libcpmt:cout.obj
 0001:00006790       ?do_in@?$codecvt@DDU_Mbstatet@@@std@@MEBAHAEAU_Mbstatet@@PEBD1AEAPEBDPEAD3AEAPEAD@Z 0000000180007790 f i libcpmt:cout.obj
 0001:000067ac       ?do_length@?$codecvt@DDU_Mbstatet@@@std@@MEBAHAEAU_Mbstatet@@PEBD1_K@Z 00000001800077ac f i libcpmt:cout.obj
 0001:000067c0       ?do_unshift@?$codecvt@DDU_Mbstatet@@@std@@MEBAHAEAU_Mbstatet@@PEAD1AEAPEAD@Z 00000001800077c0 f i libcpmt:cout.obj
 0001:000067cc       ?imbue@?$basic_filebuf@DU?$char_traits@D@std@@@std@@MEAAXAEBVlocale@2@@Z 00000001800077cc f i libcpmt:cout.obj
 0001:000067f0       ?init@?$basic_ios@DU?$char_traits@D@std@@@std@@IEAAXPEAV?$basic_streambuf@DU?$char_traits@D@std@@@2@_N@Z 00000001800077f0 f i libcpmt:cout.obj
 0001:000068b0       ?overflow@?$basic_filebuf@DU?$char_traits@D@std@@@std@@MEAAHH@Z 00000001800078b0 f i libcpmt:cout.obj
 0001:00006a38       ?underflow@?$basic_streambuf@DU?$char_traits@D@std@@@std@@MEAAHXZ 0000000180007a38 f i libcpmt:cout.obj
 0001:00006a38       ?overflow@?$basic_streambuf@DU?$char_traits@D@std@@@std@@MEAAHH@Z 0000000180007a38 f i libcpmt:cout.obj
 0001:00006a38       ?pbackfail@?$basic_streambuf@DU?$char_traits@D@std@@@std@@MEAAHH@Z 0000000180007a38 f i libcpmt:cout.obj
 0001:00006a3c       ?pbackfail@?$basic_filebuf@DU?$char_traits@D@std@@@std@@MEAAHH@Z 0000000180007a3c f i libcpmt:cout.obj
 0001:00006b08       ?seekoff@?$basic_filebuf@DU?$char_traits@D@std@@@std@@MEAA?AV?$fpos@U_Mbstatet@@@2@_JHH@Z 0000000180007b08 f i libcpmt:cout.obj
 0001:00006bec       ?seekpos@?$basic_streambuf@DU?$char_traits@D@std@@@std@@MEAA?AV?$fpos@U_Mbstatet@@@2@V32@H@Z 0000000180007bec f i libcpmt:cout.obj
 0001:00006bec       ?seekoff@?$basic_streambuf@DU?$char_traits@D@std@@@std@@MEAA?AV?$fpos@U_Mbstatet@@@2@_JHH@Z 0000000180007bec f i libcpmt:cout.obj
 0001:00006c00       ?seekpos@?$basic_filebuf@DU?$char_traits@D@std@@@std@@MEAA?AV?$fpos@U_Mbstatet@@@2@V32@H@Z 0000000180007c00 f i libcpmt:cout.obj
 0001:00006cbc       ?setbuf@?$basic_filebuf@DU?$char_traits@D@std@@@std@@MEAAPEAV?$basic_streambuf@DU?$char_traits@D@std@@@2@PEAD_J@Z 0000000180007cbc f i libcpmt:cout.obj
 0001:00006d10       ?setbuf@?$basic_streambuf@DU?$char_traits@D@std@@@std@@MEAAPEAV12@PEAD_J@Z 0000000180007d10 f i libcpmt:cout.obj
 0001:00006d14       ?sync@?$basic_filebuf@DU?$char_traits@D@std@@@std@@MEAAHXZ 0000000180007d14 f i libcpmt:cout.obj
 0001:00006d60       ?uflow@?$basic_filebuf@DU?$char_traits@D@std@@@std@@MEAAHXZ 0000000180007d60 f i libcpmt:cout.obj
 0001:00007018       ?uflow@?$basic_streambuf@DU?$char_traits@D@std@@@std@@MEAAHXZ 0000000180008018 f i libcpmt:cout.obj
 0001:00007054       ?underflow@?$basic_filebuf@DU?$char_traits@D@std@@@std@@MEAAHXZ 0000000180008054 f i libcpmt:cout.obj
 0001:000070b8       ?widen@?$basic_ios@DU?$char_traits@D@std@@@std@@QEBADD@Z 00000001800080b8 f i libcpmt:cout.obj
 0001:0000714c       ?xsgetn@?$basic_filebuf@DU?$char_traits@D@std@@@std@@MEAA_JPEAD_J@Z 000000018000814c f i libcpmt:cout.obj
 0001:0000724c       ?xsgetn@?$basic_streambuf@DU?$char_traits@D@std@@@std@@MEAA_JPEAD_J@Z 000000018000824c f i libcpmt:cout.obj
 0001:00007308       ?xsputn@?$basic_filebuf@DU?$char_traits@D@std@@@std@@MEAA_JPEBD_J@Z 0000000180008308 f i libcpmt:cout.obj
 0001:000073cc       ?xsputn@?$basic_streambuf@DU?$char_traits@D@std@@@std@@MEAA_JPEBD_J@Z 00000001800083cc f i libcpmt:cout.obj
 0001:0000748c       ??1_Fac_tidy_reg_t@std@@QEAA@XZ 000000018000848c f i libcpmt:locale0.obj
 0001:000074f4       ??4?$_Yarn@D@std@@QEAAAEAV01@PEBD@Z 00000001800084f4 f i libcpmt:locale0.obj
 0001:0000756c       ??_E_Locimp@locale@std@@MEAAPEAXI@Z 000000018000856c f i libcpmt:locale0.obj
 0001:0000756c       ??_G_Locimp@locale@std@@MEAAPEAXI@Z 000000018000856c f i libcpmt:locale0.obj
 0001:000075d8       ?_Facet_Register@std@@YAXPEAV_Facet_base@1@@Z 00000001800085d8 f   libcpmt:locale0.obj
 0001:00007610       ?_Getgloballocale@locale@std@@CAPEAV_Locimp@12@XZ 0000000180008610 f   libcpmt:locale0.obj
 0001:00007618       ?_Init@locale@std@@CAPEAV_Locimp@12@_N@Z 0000000180008618 f   libcpmt:locale0.obj
 0001:000076c4       ?_Locimp_dtor@_Locimp@locale@std@@CAXPEAV123@@Z 00000001800086c4 f   libcpmt:locale0.obj
 0001:0000774c       ?_Locinfo_ctor@_Locinfo@std@@SAXPEAV12@PEBD@Z 000000018000874c f   libcpmt:locale0.obj
 0001:000077b8       ?_Locinfo_dtor@_Locinfo@std@@SAXPEAV12@@Z 00000001800087b8 f   libcpmt:locale0.obj
 0001:000077d4       ?_New_Locimp@_Locimp@locale@std@@CAPEAV123@_N@Z 00000001800087d4 f   libcpmt:locale0.obj
 0001:00007844       ?_Setgloballocale@locale@std@@CAXPEAX@Z 0000000180008844 f   libcpmt:locale0.obj
 0001:00007878       _Deletegloballocale        0000000180008878 f   libcpmt:locale0.obj
 0001:000078e8       ??0bad_alloc@std@@QEAA@AEBV01@@Z 00000001800088e8 f i libcpmt:xthrow.obj
 0001:00007928       ??0bad_alloc@std@@QEAA@XZ  0000000180008928 f i libcpmt:xthrow.obj
 0001:00007948       ??0length_error@std@@QEAA@AEBV01@@Z 0000000180008948 f i libcpmt:xthrow.obj
 0001:00007988       ??0length_error@std@@QEAA@PEBD@Z 0000000180008988 f i libcpmt:xthrow.obj
 0001:000079d4       ??0logic_error@std@@QEAA@AEBV01@@Z 00000001800089d4 f i libcpmt:xthrow.obj
 0001:00007a14       ??0out_of_range@std@@QEAA@AEBV01@@Z 0000000180008a14 f i libcpmt:xthrow.obj
 0001:00007a54       ??0out_of_range@std@@QEAA@PEBD@Z 0000000180008a54 f i libcpmt:xthrow.obj
 0001:00007aa0       ?__scrt_throw_std_bad_alloc@@YAXXZ 0000000180008aa0 f   LIBCMT:throw_bad_alloc.obj
 0001:00007aa0       ?_Xbad_alloc@std@@YAXXZ    0000000180008aa0 f   libcpmt:xthrow.obj
 0001:00007ac0       ?_Xlength_error@std@@YAXPEBD@Z 0000000180008ac0 f   libcpmt:xthrow.obj
 0001:00007ae4       ?_Xout_of_range@std@@YAXPEBD@Z 0000000180008ae4 f   libcpmt:xthrow.obj
 0001:00007b08       ?_Syserror_map@std@@YAPEBDH@Z 0000000180008b08 f   libcpmt:syserror.obj
 0001:00007b30       _Getctype                  0000000180008b30 f   libcpmt:_tolower.obj
 0001:00007bf8       _Tolower                   0000000180008bf8 f   libcpmt:_tolower.obj
 0001:00007d28       _Getcvt                    0000000180008d28 f   libcpmt:xwctomb.obj
 0001:00007db8       _Toupper                   0000000180008db8 f   libcpmt:_toupper.obj
 0001:00007ef8       _Mtxdst                    0000000180008ef8 f   libcpmt:xmtx.obj
 0001:00007f00       _Mtxinit                   0000000180008f00 f   libcpmt:xmtx.obj
 0001:00007f10       _Mtxlock                   0000000180008f10 f   libcpmt:xmtx.obj
 0001:00007f18       _Mtxunlock                 0000000180008f18 f   libcpmt:xmtx.obj
 0001:000083f0       __crtInitOnceExecuteOnce   00000001800093f0 f   libcpmt:winapisupp.obj
 0001:000084bc       __crtInitializeCriticalSectionEx 00000001800094bc f   libcpmt:winapisupp.obj
 0001:000084ec       ?_Addstd@ios_base@std@@SAXPEAV12@@Z 00000001800094ec f   libcpmt:ios.obj
 0001:00008564       ?_Ios_base_dtor@ios_base@std@@CAXPEAV12@@Z 0000000180009564 f   libcpmt:ios.obj
 0001:000085e4       ?_Tidy@ios_base@std@@AEAAXXZ 00000001800095e4 f i libcpmt:ios.obj
 0001:00008664       ?_Atexit@@YAXP6AXXZ@Z      0000000180009664 f   libcpmt:iosptrs.obj
 0001:000086a4       __crtLCMapStringA          00000001800096a4 f   libcpmt:StlLCMapStringA.obj
 0001:00008958       GetTableIndexFromLocaleName 0000000180009958 f   libcpmt:winapinls.obj
 0001:000089e8       __crtDownlevelLocaleNameToLCID 00000001800099e8 f   libcpmt:winapinls.obj
 0001:00008a1c       __crtLCMapStringEx         0000000180009a1c f   libcpmt:winapinls.obj
 0001:00008ab8       __wcsnicmp_ascii           0000000180009ab8 f   libcpmt:winapinls.obj
 0001:00008b30       __security_check_cookie    0000000180009b30 f   LIBCMT:_amdsecgs_.obj
 0001:00008b54       ??_V@YAXPEAX@Z             0000000180009b54 f   LIBCMT:delete_array.obj
 0001:00008b54       ??3@YAXPEAX_K@Z            0000000180009b54 f   LIBCMT:delete_scalar_size.obj
 0001:00008b5c       ??2@YAPEAX_K@Z             0000000180009b5c f   LIBCMT:new_scalar.obj
 0001:00008b98       __scrt_acquire_startup_lock 0000000180009b98 f   LIBCMT:utility.obj
 0001:00008bd4       __scrt_dllmain_after_initialize_c 0000000180009bd4 f   LIBCMT:utility.obj
 0001:00008c08       __scrt_dllmain_before_initialize_c 0000000180009c08 f   LIBCMT:utility.obj
 0001:00008c20       __scrt_dllmain_crt_thread_attach 0000000180009c20 f   LIBCMT:utility.obj
 0001:00008c48       __scrt_dllmain_crt_thread_detach 0000000180009c48 f   LIBCMT:utility.obj
 0001:00008c60       __scrt_dllmain_exception_filter 0000000180009c60 f   LIBCMT:utility.obj
 0001:00008cc0       __scrt_dllmain_uninitialize_c 0000000180009cc0 f   LIBCMT:utility.obj
 0001:00008cf0       __scrt_dllmain_uninitialize_critical 0000000180009cf0 f   LIBCMT:utility.obj
 0001:00008d04       __scrt_initialize_crt      0000000180009d04 f   LIBCMT:utility.obj
 0001:00008d50       __scrt_initialize_onexit_tables 0000000180009d50 f   LIBCMT:utility.obj
 0001:00008e28       __scrt_is_nonwritable_in_current_image 0000000180009e28 f   LIBCMT:utility.obj
 0001:00008ec4       __scrt_release_startup_lock 0000000180009ec4 f   LIBCMT:utility.obj
 0001:00008ee8       __scrt_uninitialize_crt    0000000180009ee8 f   LIBCMT:utility.obj
 0001:00008f14       _onexit                    0000000180009f14 f   LIBCMT:utility.obj
 0001:00008f64       atexit                     0000000180009f64 f   LIBCMT:utility.obj
 0001:000092ac       _DllMainCRTStartup         000000018000a2ac f   LIBCMT:dll_dllmain.obj
 0001:000092ec       __GSHandlerCheck           000000018000a2ec f   LIBCMT:_gshandler_.obj
 0001:0000930c       __GSHandlerCheckCommon     000000018000a30c f   LIBCMT:_gshandler_.obj
 0001:00009368       __GSHandlerCheck_EH        000000018000a368 f   LIBCMT:gshandlereh.obj
 0001:000093e8       ??_Gtype_info@@UEAAPEAXI@Z 000000018000a3e8 f i LIBCMT:std_type_info_static.obj
 0001:000093e8       ??_Etype_info@@UEAAPEAXI@Z 000000018000a3e8 f i LIBCMT:std_type_info_static.obj
 0001:00009430       _alloca_probe              000000018000a430 f   LIBCMT:_chkstk_.obj
 0001:00009430       __chkstk                   000000018000a430 f   LIBCMT:_chkstk_.obj
 0001:00009484       __raise_securityfailure    000000018000a484 f   LIBCMT:gs_report.obj
 0001:000094b8       __report_gsfailure         000000018000a4b8 f   LIBCMT:gs_report.obj
 0001:0000958c       __report_rangecheckfailure 000000018000a58c f   LIBCMT:gs_report.obj
 0001:000095a0       __report_securityfailure   000000018000a5a0 f   LIBCMT:gs_report.obj
 0001:00009720       ??3@YAXPEAX@Z              000000018000a720 f   LIBCMT:delete_scalar.obj
 0001:00009728       ??0bad_array_new_length@std@@QEAA@AEBV01@@Z 000000018000a728 f i LIBCMT:throw_bad_alloc.obj
 0001:00009768       ??0bad_array_new_length@std@@QEAA@XZ 000000018000a768 f i LIBCMT:throw_bad_alloc.obj
 0001:00009788       ?__scrt_throw_std_bad_array_new_length@@YAXXZ 000000018000a788 f   LIBCMT:throw_bad_alloc.obj
 0001:000097a8       __isa_available_init       000000018000a7a8 f   LIBCMT:_cpu_disp_.obj
 0001:00009964       __scrt_is_ucrt_dll_in_use  000000018000a964 f   LIBCMT:ucrt_detection.obj
 0001:00009970       __crt_debugger_hook        000000018000a970 f   LIBCMT:utility_desktop.obj
 0001:00009978       __scrt_fastfail            000000018000a978 f   LIBCMT:utility_desktop.obj
 0001:00009ac4       __security_init_cookie     000000018000aac4 f   LIBCMT:gs_support.obj
 0001:00009b70       ?__scrt_initialize_type_info@@YAXXZ 000000018000ab70 f   LIBCMT:tncleanup.obj
 0001:00009b80       ?__scrt_uninitialize_type_info@@YAXXZ 000000018000ab80 f   LIBCMT:tncleanup.obj
 0001:00009b8c       __local_stdio_scanf_options 000000018000ab8c f i LIBCMT:default_local_stdio_options.obj
 0001:00009b94       __scrt_initialize_default_local_stdio_options 000000018000ab94 f   LIBCMT:default_local_stdio_options.obj
 0001:00009bb0       __scrt_get_dyn_tls_init_callback 000000018000abb0 f   LIBCMT:dyn_tls_init.obj
 0001:00009bb8       _RTC_Initialize            000000018000abb8 f   LIBCMT:_initsect_.obj
 0001:00009bf4       _RTC_Terminate             000000018000abf4 f   LIBCMT:_initsect_.obj
 0001:00009c30       _purecall                  000000018000ac30 f   libvcruntime:purevirt.obj
 0001:00009c60       __std_exception_copy       000000018000ac60 f   libvcruntime:std_exception.obj
 0001:00009cf0       __std_exception_destroy    000000018000acf0 f   libvcruntime:std_exception.obj
 0001:00009d18       _CxxThrowException         000000018000ad18 f   libvcruntime:throw.obj
 0001:00009dd8       ??$_CallSETranslator@V__FrameHandler3@@@@YAHPEAUEHExceptionRecord@@PEA_KPEAU_CONTEXT@@PEAU_xDISPATCHER_CONTEXT@@PEBU_s_FuncInfo@@K1@Z 000000018000add8 f i libvcruntime:risctrnsctrl.obj
 0001:00009e2c       ?CatchTryBlock@__FrameHandler3@@SAPEBU_s_TryBlockMapEntry@@PEBU_s_FuncInfo@@H@Z 000000018000ae2c f   libvcruntime:risctrnsctrl.obj
 0001:00009e84       ?ExecutionInCatch@__FrameHandler3@@SA_NPEAU_xDISPATCHER_CONTEXT@@PEBU_s_FuncInfo@@@Z 000000018000ae84 f   libvcruntime:risctrnsctrl.obj
 0001:00009eb0       ?FrameUnwindToEmptyState@__FrameHandler3@@SAXPEA_KPEAU_xDISPATCHER_CONTEXT@@PEBU_s_FuncInfo@@@Z 000000018000aeb0 f   libvcruntime:risctrnsctrl.obj
 0001:00009f14       ?GetEstablisherFrame@__FrameHandler3@@SAPEA_KPEA_KPEAU_xDISPATCHER_CONTEXT@@PEBU_s_FuncInfo@@0@Z 000000018000af14 f   libvcruntime:risctrnsctrl.obj
 0001:00009fe0       ?GetRangeOfTrysToCheck@__FrameHandler3@@SA?AU?$pair@Viterator@TryBlockMap@__FrameHandler3@@V123@@std@@AEAVTryBlockMap@1@HH@Z 000000018000afe0 f   libvcruntime:risctrnsctrl.obj
 0001:0000a13c       ?UnwindNestedFrames@__FrameHandler3@@SAXPEA_KPEAUEHExceptionRecord@@PEAU_CONTEXT@@0PEAXPEBU_s_FuncInfo@@HHPEBU_s_HandlerType@@PEAU_xDISPATCHER_CONTEXT@@E@Z 000000018000b13c f   libvcruntime:risctrnsctrl.obj
 0001:0000a260       _CreateFrameInfo           000000018000b260 f   libvcruntime:risctrnsctrl.obj
 0001:0000a29c       _FindAndUnlinkFrame        000000018000b29c f   libvcruntime:risctrnsctrl.obj
 0001:0000a2f0       _GetImageBase              000000018000b2f0 f   libvcruntime:risctrnsctrl.obj
 0001:0000a304       _GetThrowImageBase         000000018000b304 f   libvcruntime:risctrnsctrl.obj
 0001:0000a318       _SetImageBase              000000018000b318 f   libvcruntime:risctrnsctrl.obj
 0001:0000a330       _SetThrowImageBase         000000018000b330 f   libvcruntime:risctrnsctrl.obj
 0001:0000a348       __CxxFrameHandler3         000000018000b348 f   libvcruntime:risctrnsctrl.obj
 0001:0000a3e0       memcpy_repmovs             000000018000b3e0 f   libvcruntime:memcpy.obj
 0001:0000a400       memmove                    000000018000b400 f   libvcruntime:memcpy.obj
 0001:0000a400       memcpy                     000000018000b400 f   libvcruntime:memcpy.obj
 0001:0000a850       memset_repmovs             000000018000b850 f   libvcruntime:memset.obj
 0001:0000a870       memset                     000000018000b870 f   libvcruntime:memset.obj
 0001:0000aa00       __DestructExceptionObject  000000018000ba00 f   libvcruntime:ehhelpers.obj
 0001:0000aa74       ?_CallMemberFunction0@@YAXQEAX0@Z 000000018000ba74 f i libvcruntime:ehhelpers.obj
 0001:0000aa78       _IsExceptionObjectToBeDestroyed 000000018000ba78 f   libvcruntime:ehhelpers.obj
 0001:0000aaa8       __AdjustPointer            000000018000baa8 f   libvcruntime:ehhelpers.obj
 0001:0000aacc       __FrameUnwindFilter        000000018000bacc f   libvcruntime:ehhelpers.obj
 0001:0000ab18       __std_terminate            000000018000bb18 f   libvcruntime:ehhelpers.obj
 0001:0000ab40       memchr                     000000018000bb40 f   libvcruntime:memchr.obj
 0001:0000abc0       memcmp                     000000018000bbc0 f   libvcruntime:memcmp.obj
 0001:0000ac88       __vcrt_initialize          000000018000bc88 f   libvcruntime:initialization.obj
 0001:0000acbc       __vcrt_thread_attach       000000018000bcbc f   libvcruntime:initialization.obj
 0001:0000acd0       __vcrt_thread_detach       000000018000bcd0 f   libvcruntime:initialization.obj
 0001:0000ace4       __vcrt_uninitialize        000000018000bce4 f   libvcruntime:initialization.obj
 0001:0000ad04       __vcrt_uninitialize_critical 000000018000bd04 f   libvcruntime:initialization.obj
 0001:0000ad14       __C_specific_handler       000000018000bd14 f   libvcruntime:_riscchandler_.obj
 0001:0000af20       __std_type_info_compare    000000018000bf20 f   libvcruntime:std_type_info.obj
 0001:0000af48       __std_type_info_destroy_list 000000018000bf48 f   libvcruntime:std_type_info.obj
 0001:0000af74       __vcrt_initialize_pure_virtual_call_handler 000000018000bf74 f   libvcruntime:purevirt_data.obj
 0001:0000af84       __vcrt_freefls             000000018000bf84 f   libvcruntime:per_thread_data.obj
 0001:0000afa4       __vcrt_freeptd             000000018000bfa4 f   libvcruntime:per_thread_data.obj
 0001:0000aff4       __vcrt_getptd              000000018000bff4 f   libvcruntime:per_thread_data.obj
 0001:0000b010       __vcrt_getptd_noexit       000000018000c010 f   libvcruntime:per_thread_data.obj
 0001:0000b0dc       __vcrt_initialize_ptd      000000018000c0dc f   libvcruntime:per_thread_data.obj
 0001:0000b130       __vcrt_uninitialize_ptd    000000018000c130 f   libvcruntime:per_thread_data.obj
 0001:0000b154       ?GetCurrentState@__FrameHandler3@@SAHPEA_KPEAU_xDISPATCHER_CONTEXT@@PEBU_s_FuncInfo@@@Z 000000018000c154 f   libvcruntime:ehstate.obj
 0001:0000b17c       ?GetUnwindTryBlock@__FrameHandler3@@SAHPEA_KPEAU_xDISPATCHER_CONTEXT@@PEBU_s_FuncInfo@@@Z 000000018000c17c f   libvcruntime:ehstate.obj
 0001:0000b1a8       ?SetState@__FrameHandler3@@SAXPEA_KPEBU_s_FuncInfo@@H@Z 000000018000c1a8 f   libvcruntime:ehstate.obj
 0001:0000b1b4       ?SetUnwindTryBlock@__FrameHandler3@@SAXPEA_KPEAU_xDISPATCHER_CONTEXT@@PEBU_s_FuncInfo@@H@Z 000000018000c1b4 f   libvcruntime:ehstate.obj
 0001:0000b1f0       ?StateFromControlPc@__FrameHandler3@@SAHPEBU_s_FuncInfo@@PEAU_xDISPATCHER_CONTEXT@@@Z 000000018000c1f0 f   libvcruntime:ehstate.obj
 0001:0000b1f8       ?StateFromIp@__FrameHandler3@@SAHPEBU_s_FuncInfo@@PEAU_xDISPATCHER_CONTEXT@@_K@Z 000000018000c1f8 f   libvcruntime:ehstate.obj
 0001:0000bc84       ??$TypeMatchHelper@$$CBU_s_HandlerType@@@@YAHPEBU_s_HandlerType@@PEBU_s_CatchableType@@PEBU_s_ThrowInfo@@@Z 000000018000cc84 f i libvcruntime:frame.obj
 0001:0000bdc8       ??$__InternalCxxFrameHandler@V__FrameHandler3@@@@YA?AW4_EXCEPTION_DISPOSITION@@PEAUEHExceptionRecord@@PEA_KPEAU_CONTEXT@@PEAU_xDISPATCHER_CONTEXT@@PEBU_s_FuncInfo@@H1E@Z 000000018000cdc8 f i libvcruntime:frame.obj
 0001:0000c010       ??0bad_exception@std@@QEAA@AEBV01@@Z 000000018000d010 f i libvcruntime:frame.obj
 0001:0000c050       ??0bad_exception@std@@QEAA@XZ 000000018000d050 f i libvcruntime:frame.obj
 0001:0000c070       ?CxxCallCatchBlock@__FrameHandler3@@SAPEAXPEAU_EXCEPTION_RECORD@@@Z 000000018000d070 f   libvcruntime:frame.obj
 0001:0000c2e4       ?FrameUnwindToState@__FrameHandler3@@SAXPEA_KPEAU_xDISPATCHER_CONTEXT@@PEBU_s_FuncInfo@@H@Z 000000018000d2e4 f   libvcruntime:frame.obj
 0001:0000c478       ?GetHandlerSearchState@__FrameHandler3@@SAHPEA_KPEAU_xDISPATCHER_CONTEXT@@PEBU_s_FuncInfo@@@Z 000000018000d478 f i libvcruntime:frame.obj
 0001:0000c67c       ?_CallMemberFunction1@@YAXQEAX00@Z 000000018000d67c f i libvcruntime:frame.obj
 0001:0000c688       ?_CallMemberFunction2@@YAXQEAX00H@Z 000000018000d688 f i libvcruntime:frame.obj
 0001:0000c698       __vcrt_initialize_locks    000000018000d698 f   libvcruntime:locks.obj
 0001:0000c6e0       __vcrt_uninitialize_locks  000000018000d6e0 f   libvcruntime:locks.obj
 0001:0000c8f0       __vcrt_FlsAlloc            000000018000d8f0 f   libvcruntime:winapi_downlevel.obj
 0001:0000c938       __vcrt_FlsFree             000000018000d938 f   libvcruntime:winapi_downlevel.obj
 0001:0000c980       __vcrt_FlsGetValue         000000018000d980 f   libvcruntime:winapi_downlevel.obj
 0001:0000c9c8       __vcrt_FlsSetValue         000000018000d9c8 f   libvcruntime:winapi_downlevel.obj
 0001:0000ca1c       __vcrt_InitializeCriticalSectionEx 000000018000da1c f   libvcruntime:winapi_downlevel.obj
 0001:0000ca80       __vcrt_initialize_winapi_thunks 000000018000da80 f   libvcruntime:winapi_downlevel.obj
 0001:0000cab0       __vcrt_uninitialize_winapi_thunks 000000018000dab0 f   libvcruntime:winapi_downlevel.obj
 0001:0000cb00       _NLG_Notify                000000018000db00 f   libvcruntime:_notify_.obj
 0001:0000cb20       __NLG_Dispatch2            000000018000db20 f   libvcruntime:_notify_.obj
 0001:0000cb30       __NLG_Return2              000000018000db30 f   libvcruntime:_notify_.obj
 0001:0000cb34       __except_validate_context_record 000000018000db34 f   libvcruntime:jbcxrval.obj
 0001:0000cb80       _CallSettingFrame          000000018000db80 f   libvcruntime:handlers.obj
 0001:0000cbd0       _CallSettingFrameEncoded   000000018000dbd0 f   libvcruntime:handlers.obj
 0001:0000cc18       abort                      000000018000dc18 f   libucrt:abort.obj
 0001:0000cc70       calloc                     000000018000dc70 f   libucrt:calloc.obj
 0001:0000cc78       __acrt_call_reportfault    000000018000dc78 f   libucrt:invalid_parameter.obj
 0001:0000cdd4       __acrt_initialize_invalid_parameter_handler 000000018000ddd4 f   libucrt:invalid_parameter.obj
 0001:0000cddc       _invalid_parameter         000000018000dddc f   libucrt:invalid_parameter.obj
 0001:0000ce8c       _invalid_parameter_noinfo  000000018000de8c f   libucrt:invalid_parameter.obj
 0001:0000ceac       _invalid_parameter_noinfo_noreturn 000000018000deac f   libucrt:invalid_parameter.obj
 0001:0000cedc       _invoke_watson             000000018000dedc f   libucrt:invalid_parameter.obj
 0001:0000cfd0       strcspn                    000000018000dfd0 f   libucrt:strcspn.obj
 0001:0000d774       ??$ensure_buffer_is_big_enough@D@formatting_buffer@__crt_stdio_output@@QEAA_N_K@Z 000000018000e774 f i libucrt:output.obj
 0001:0000d81c       ??$ensure_buffer_is_big_enough@_W@formatting_buffer@__crt_stdio_output@@QEAA_N_K@Z 000000018000e81c f i libucrt:output.obj
 0001:0000d8c8       ??$is_wide_character_specifier@_W@__crt_stdio_output@@YA_N_K_WW4length_modifier@0@@Z 000000018000e8c8 f i libucrt:output.obj
 0001:0000d908       ??$type_case_integer_parse_into_buffer@I@?$output_processor@DV?$string_output_adapter@D@__crt_stdio_output@@V?$format_validation_base@DV?$string_output_adapter@D@__crt_stdio_output@@@2@@__crt_stdio_output@@AEAAXII_N@Z 000000018000e908 f i libucrt:output.obj
 0001:0000d998       ??$type_case_integer_parse_into_buffer@I@?$output_processor@_WV?$string_output_adapter@_W@__crt_stdio_output@@V?$standard_base@_WV?$string_output_adapter@_W@__crt_stdio_output@@@2@@__crt_stdio_output@@AEAAXII_N@Z 000000018000e998 f i libucrt:output.obj
 0001:0000d998       ??$type_case_integer_parse_into_buffer@I@?$output_processor@_WV?$stream_output_adapter@_W@__crt_stdio_output@@V?$standard_base@_WV?$stream_output_adapter@_W@__crt_stdio_output@@@2@@__crt_stdio_output@@AEAAXII_N@Z 000000018000e998 f i libucrt:output.obj
 0001:0000da38       ??$type_case_integer_parse_into_buffer@_K@?$output_processor@DV?$string_output_adapter@D@__crt_stdio_output@@V?$format_validation_base@DV?$string_output_adapter@D@__crt_stdio_output@@@2@@__crt_stdio_output@@AEAAX_KI_N@Z 000000018000ea38 f i libucrt:output.obj
 0001:0000dacc       ??$type_case_integer_parse_into_buffer@_K@?$output_processor@_WV?$stream_output_adapter@_W@__crt_stdio_output@@V?$standard_base@_WV?$stream_output_adapter@_W@__crt_stdio_output@@@2@@__crt_stdio_output@@AEAAX_KI_N@Z 000000018000eacc f i libucrt:output.obj
 0001:0000dacc       ??$type_case_integer_parse_into_buffer@_K@?$output_processor@_WV?$string_output_adapter@_W@__crt_stdio_output@@V?$standard_base@_WV?$string_output_adapter@_W@__crt_stdio_output@@@2@@__crt_stdio_output@@AEAAX_KI_N@Z 000000018000eacc f i libucrt:output.obj
 0001:0000db70       ??$write_multiple_characters@V?$stream_output_adapter@_W@__crt_stdio_output@@D@__crt_stdio_output@@YAXAEBV?$stream_output_adapter@_W@0@DHQEAH@Z 000000018000eb70 f i libucrt:output.obj
 0001:0000dc04       ??$write_multiple_characters@V?$string_output_adapter@D@__crt_stdio_output@@D@__crt_stdio_output@@YAXAEBV?$string_output_adapter@D@0@DHQEAH@Z 000000018000ec04 f i libucrt:output.obj
 0001:0000dc7c       ??$write_multiple_characters@V?$string_output_adapter@_W@__crt_stdio_output@@D@__crt_stdio_output@@YAXAEBV?$string_output_adapter@_W@0@DHQEAH@Z 000000018000ec7c f i libucrt:output.obj
 0001:0000dcf8       ??0_LocaleUpdate@@QEAA@QEAU__crt_locale_pointers@@@Z 000000018000ecf8 f i libucrt:output.obj
 0001:0000dd94       ??1_LocaleUpdate@@QEAA@XZ  000000018000ed94 f i libucrt:output.obj
 0001:0000dedc       ?crop_zeroes@__crt_stdio_output@@YAXPEADQEAU__crt_locale_pointers@@@Z 000000018000eedc f i libucrt:output.obj
 0001:0000df48       ?force_decimal_point@__crt_stdio_output@@YAXPEADQEAU__crt_locale_pointers@@@Z 000000018000ef48 f i libucrt:output.obj
 0001:0000dfb8       ?parse_int_from_format_string@?$output_processor@DV?$string_output_adapter@D@__crt_stdio_output@@V?$format_validation_base@DV?$string_output_adapter@D@__crt_stdio_output@@@2@@__crt_stdio_output@@AEAA_NQEAH@Z 000000018000efb8 f i libucrt:output.obj
 0001:0000e05c       ?parse_int_from_format_string@?$output_processor@_WV?$stream_output_adapter@_W@__crt_stdio_output@@V?$standard_base@_WV?$stream_output_adapter@_W@__crt_stdio_output@@@2@@__crt_stdio_output@@AEAA_NQEAH@Z 000000018000f05c f i libucrt:output.obj
 0001:0000e05c       ?parse_int_from_format_string@?$output_processor@_WV?$string_output_adapter@_W@__crt_stdio_output@@V?$standard_base@_WV?$string_output_adapter@_W@__crt_stdio_output@@@2@@__crt_stdio_output@@AEAA_NQEAH@Z 000000018000f05c f i libucrt:output.obj
 0001:0000e100       ?process@?$output_processor@DV?$string_output_adapter@D@__crt_stdio_output@@V?$format_validation_base@DV?$string_output_adapter@D@__crt_stdio_output@@@2@@__crt_stdio_output@@QEAAHXZ 000000018000f100 f i libucrt:output.obj
 0001:0000e314       ?process@?$output_processor@_WV?$stream_output_adapter@_W@__crt_stdio_output@@V?$standard_base@_WV?$stream_output_adapter@_W@__crt_stdio_output@@@2@@__crt_stdio_output@@QEAAHXZ 000000018000f314 f i libucrt:output.obj
 0001:0000e56c       ?process@?$output_processor@_WV?$string_output_adapter@_W@__crt_stdio_output@@V?$standard_base@_WV?$string_output_adapter@_W@__crt_stdio_output@@@2@@__crt_stdio_output@@QEAAHXZ 000000018000f56c f i libucrt:output.obj
 0001:0000e7c8       ?state_case_normal@?$output_processor@DV?$string_output_adapter@D@__crt_stdio_output@@V?$format_validation_base@DV?$string_output_adapter@D@__crt_stdio_output@@@2@@__crt_stdio_output@@AEAA_NXZ 000000018000f7c8 f i libucrt:output.obj
 0001:0000e83c       ?state_case_normal_tchar@?$output_processor@DV?$string_output_adapter@D@__crt_stdio_output@@V?$format_validation_base@DV?$string_output_adapter@D@__crt_stdio_output@@@2@@__crt_stdio_output@@AEAA_ND@Z 000000018000f83c f i libucrt:output.obj
 0001:0000e8d4       ?state_case_size@?$output_processor@DV?$string_output_adapter@D@__crt_stdio_output@@V?$format_validation_base@DV?$string_output_adapter@D@__crt_stdio_output@@@2@@__crt_stdio_output@@AEAA_NXZ 000000018000f8d4 f i libucrt:output.obj
 0001:0000ea48       ?state_case_size@?$output_processor@_WV?$stream_output_adapter@_W@__crt_stdio_output@@V?$standard_base@_WV?$stream_output_adapter@_W@__crt_stdio_output@@@2@@__crt_stdio_output@@AEAA_NXZ 000000018000fa48 f i libucrt:output.obj
 0001:0000ebe0       ?state_case_size@?$output_processor@_WV?$string_output_adapter@_W@__crt_stdio_output@@V?$standard_base@_WV?$string_output_adapter@_W@__crt_stdio_output@@@2@@__crt_stdio_output@@AEAA_NXZ 000000018000fbe0 f i libucrt:output.obj
 0001:0000ed78       ?state_case_type@?$output_processor@DV?$string_output_adapter@D@__crt_stdio_output@@V?$format_validation_base@DV?$string_output_adapter@D@__crt_stdio_output@@@2@@__crt_stdio_output@@AEAA_NXZ 000000018000fd78 f i libucrt:output.obj
 0001:0000efe4       ?state_case_type@?$output_processor@_WV?$stream_output_adapter@_W@__crt_stdio_output@@V?$standard_base@_WV?$stream_output_adapter@_W@__crt_stdio_output@@@2@@__crt_stdio_output@@AEAA_NXZ 000000018000ffe4 f i libucrt:output.obj
 0001:0000f2d0       ?state_case_type@?$output_processor@_WV?$string_output_adapter@_W@__crt_stdio_output@@V?$standard_base@_WV?$string_output_adapter@_W@__crt_stdio_output@@@2@@__crt_stdio_output@@AEAA_NXZ 00000001800102d0 f i libucrt:output.obj
 0001:0000f5a4       ?type_case_Z@?$output_processor@DV?$string_output_adapter@D@__crt_stdio_output@@V?$format_validation_base@DV?$string_output_adapter@D@__crt_stdio_output@@@2@@__crt_stdio_output@@AEAA_NXZ 00000001800105a4 f i libucrt:output.obj
 0001:0000f61c       ?type_case_Z@?$output_processor@_WV?$stream_output_adapter@_W@__crt_stdio_output@@V?$standard_base@_WV?$stream_output_adapter@_W@__crt_stdio_output@@@2@@__crt_stdio_output@@AEAA_NXZ 000000018001061c f i libucrt:output.obj
 0001:0000f61c       ?type_case_Z@?$output_processor@_WV?$string_output_adapter@_W@__crt_stdio_output@@V?$standard_base@_WV?$string_output_adapter@_W@__crt_stdio_output@@@2@@__crt_stdio_output@@AEAA_NXZ 000000018001061c f i libucrt:output.obj
 0001:0000f698       ?type_case_a@?$output_processor@DV?$string_output_adapter@D@__crt_stdio_output@@V?$format_validation_base@DV?$string_output_adapter@D@__crt_stdio_output@@@2@@__crt_stdio_output@@AEAA_NXZ 0000000180010698 f i libucrt:output.obj
 0001:0000f854       ?type_case_a@?$output_processor@_WV?$string_output_adapter@_W@__crt_stdio_output@@V?$standard_base@_WV?$string_output_adapter@_W@__crt_stdio_output@@@2@@__crt_stdio_output@@AEAA_NXZ 0000000180010854 f i libucrt:output.obj
 0001:0000f854       ?type_case_a@?$output_processor@_WV?$stream_output_adapter@_W@__crt_stdio_output@@V?$standard_base@_WV?$stream_output_adapter@_W@__crt_stdio_output@@@2@@__crt_stdio_output@@AEAA_NXZ 0000000180010854 f i libucrt:output.obj
 0001:0000fa34       ?type_case_c_tchar@?$output_processor@DV?$string_output_adapter@D@__crt_stdio_output@@V?$format_validation_base@DV?$string_output_adapter@D@__crt_stdio_output@@@2@@__crt_stdio_output@@AEAA_ND@Z 0000000180010a34 f i libucrt:output.obj
 0001:0000faf8       ?type_case_c_tchar@?$output_processor@_WV?$string_output_adapter@_W@__crt_stdio_output@@V?$standard_base@_WV?$string_output_adapter@_W@__crt_stdio_output@@@2@@__crt_stdio_output@@AEAA_N_W@Z 0000000180010af8 f i libucrt:output.obj
 0001:0000faf8       ?type_case_c_tchar@?$output_processor@_WV?$stream_output_adapter@_W@__crt_stdio_output@@V?$standard_base@_WV?$stream_output_adapter@_W@__crt_stdio_output@@@2@@__crt_stdio_output@@AEAA_N_W@Z 0000000180010af8 f i libucrt:output.obj
 0001:0000fba0       ?type_case_integer@?$output_processor@DV?$string_output_adapter@D@__crt_stdio_output@@V?$format_validation_base@DV?$string_output_adapter@D@__crt_stdio_output@@@2@@__crt_stdio_output@@AEAA_NI_N@Z 0000000180010ba0 f i libucrt:output.obj
 0001:0000fd68       ?type_case_integer@?$output_processor@_WV?$stream_output_adapter@_W@__crt_stdio_output@@V?$standard_base@_WV?$stream_output_adapter@_W@__crt_stdio_output@@@2@@__crt_stdio_output@@AEAA_NI_N@Z 0000000180010d68 f i libucrt:output.obj
 0001:0000fd68       ?type_case_integer@?$output_processor@_WV?$string_output_adapter@_W@__crt_stdio_output@@V?$standard_base@_WV?$string_output_adapter@_W@__crt_stdio_output@@@2@@__crt_stdio_output@@AEAA_NI_N@Z 0000000180010d68 f i libucrt:output.obj
 0001:0000ff34       ?type_case_n@?$output_processor@_WV?$string_output_adapter@_W@__crt_stdio_output@@V?$standard_base@_WV?$string_output_adapter@_W@__crt_stdio_output@@@2@@__crt_stdio_output@@AEAA_NXZ 0000000180010f34 f i libucrt:output.obj
 0001:0000ff34       ?type_case_n@?$output_processor@_WV?$stream_output_adapter@_W@__crt_stdio_output@@V?$standard_base@_WV?$stream_output_adapter@_W@__crt_stdio_output@@@2@@__crt_stdio_output@@AEAA_NXZ 0000000180010f34 f i libucrt:output.obj
 0001:0000ff34       ?type_case_n@?$output_processor@DV?$string_output_adapter@D@__crt_stdio_output@@V?$format_validation_base@DV?$string_output_adapter@D@__crt_stdio_output@@@2@@__crt_stdio_output@@AEAA_NXZ 0000000180010f34 f i libucrt:output.obj
 0001:00010010       ?type_case_s@?$output_processor@DV?$string_output_adapter@D@__crt_stdio_output@@V?$format_validation_base@DV?$string_output_adapter@D@__crt_stdio_output@@@2@@__crt_stdio_output@@AEAA_NXZ 0000000180011010 f i libucrt:output.obj
 0001:000100a8       ?type_case_s@?$output_processor@_WV?$stream_output_adapter@_W@__crt_stdio_output@@V?$standard_base@_WV?$stream_output_adapter@_W@__crt_stdio_output@@@2@@__crt_stdio_output@@AEAA_NXZ 00000001800110a8 f i libucrt:output.obj
 0001:000100a8       ?type_case_s@?$output_processor@_WV?$string_output_adapter@_W@__crt_stdio_output@@V?$standard_base@_WV?$string_output_adapter@_W@__crt_stdio_output@@@2@@__crt_stdio_output@@AEAA_NXZ 00000001800110a8 f i libucrt:output.obj
 0001:0001016c       ?write_stored_string_tchar@?$output_processor@DV?$string_output_adapter@D@__crt_stdio_output@@V?$format_validation_base@DV?$string_output_adapter@D@__crt_stdio_output@@@2@@__crt_stdio_output@@AEAA_ND@Z 000000018001116c f i libucrt:output.obj
 0001:00010244       ?write_stored_string_tchar@?$output_processor@_WV?$stream_output_adapter@_W@__crt_stdio_output@@V?$standard_base@_WV?$stream_output_adapter@_W@__crt_stdio_output@@@2@@__crt_stdio_output@@AEAA_N_W@Z 0000000180011244 f i libucrt:output.obj
 0001:0001034c       ?write_stored_string_tchar@?$output_processor@_WV?$string_output_adapter@_W@__crt_stdio_output@@V?$standard_base@_WV?$string_output_adapter@_W@__crt_stdio_output@@@2@@__crt_stdio_output@@AEAA_N_W@Z 000000018001134c f i libucrt:output.obj
 0001:00010438       ?write_string@?$string_output_adapter@D@__crt_stdio_output@@QEBAXQEBDHQEAHAEAV__crt_deferred_errno_cache@@@Z 0000000180011438 f i libucrt:output.obj
 0001:000104dc       ?write_string@?$string_output_adapter@_W@__crt_stdio_output@@QEBAXQEB_WHQEAHAEAV__crt_deferred_errno_cache@@@Z 00000001800114dc f i libucrt:output.obj
 0001:00010584       ?write_string_impl@?$output_adapter_common@_WV?$stream_output_adapter@_W@__crt_stdio_output@@@__crt_stdio_output@@IEBAXQEB_WHQEAHAEAV__crt_deferred_errno_cache@@@Z 0000000180011584 f i libucrt:output.obj
 0001:00010688       __stdio_common_vfwprintf   0000000180011688 f   libucrt:output.obj
 0001:00010714       __stdio_common_vsprintf_s  0000000180011714 f   libucrt:output.obj
 0001:00010778       __stdio_common_vswprintf   0000000180011778 f   libucrt:output.obj
 0001:00010780       localeconv                 0000000180011780 f   libucrt:localeconv.obj
 0001:000107b4       free                       00000001800117b4 f   libucrt:free.obj
 0001:000107c8       frexp                      00000001800117c8 f   libucrt:frexp.obj
 0001:00011298       ??$ftprintf@PEAU_iobuf@@PEB_WAEBQEB_WAEBQEB_WAEBI@?$__crt_char_traits@_W@@SAH$$QEAPEAU_iobuf@@$$QEAPEB_WAEBQEB_W2AEBI@Z 0000000180012298 f i libucrt:assert.obj
 0001:000112c0       _wassert                   00000001800122c0 f   libucrt:assert.obj
 0001:00011344       fwprintf                   0000000180012344 f i libucrt:assert.obj
 0001:00011388       swprintf                   0000000180012388 f i libucrt:assert.obj
 0001:000113dc       __ascii_stricmp            00000001800123dc f   libucrt:stricmp.obj
 0001:0001141c       _stricmp                   000000018001241c f   libucrt:stricmp.obj
 0001:00011464       _stricmp_l                 0000000180012464 f   libucrt:stricmp.obj
 0001:00011518       __acrt_initialize_locks    0000000180012518 f   libucrt:locks.obj
 0001:00011560       __acrt_lock                0000000180012560 f   libucrt:locks.obj
 0001:0001157c       __acrt_uninitialize_locks  000000018001257c f   libucrt:locks.obj
 0001:000115b4       __acrt_unlock              00000001800125b4 f   libucrt:locks.obj
 0001:000115d0       _lock_locales              00000001800125d0 f   libucrt:locks.obj
 0001:000115ec       _unlock_locales            00000001800125ec f   libucrt:locks.obj
 0001:000115fc       terminate                  00000001800125fc f   libucrt:terminate.obj
 0001:0001161c       __acrt_initialize_stdio    000000018001261c f   libucrt:_file.obj
 0001:0001173c       __acrt_iob_func            000000018001273c f   libucrt:_file.obj
 0001:00011750       __acrt_uninitialize_stdio  0000000180012750 f   libucrt:_file.obj
 0001:000117ac       _get_stream_buffer_pointers 00000001800127ac f   libucrt:_file.obj
 0001:000117f4       _lock_file                 00000001800127f4 f   libucrt:_file.obj
 0001:00011800       _unlock_file               0000000180012800 f   libucrt:_file.obj
 0001:0001180c       _fclose_nolock             000000018001280c f   libucrt:fclose.obj
 0001:00011890       fclose                     0000000180012890 f   libucrt:fclose.obj
 0001:00011b10       __acrt_stdio_flush_nolock  0000000180012b10 f   libucrt:fflush.obj
 0001:00011b8c       _fflush_nolock             0000000180012b8c f   libucrt:fflush.obj
 0001:00011bd8       _flushall                  0000000180012bd8 f   libucrt:fflush.obj
 0001:00011be0       fflush                     0000000180012be0 f   libucrt:fflush.obj
 0001:00011c48       _fgetc_nolock              0000000180012c48 f   libucrt:fgetc.obj
 0001:00011c8c       fgetc                      0000000180012c8c f   libucrt:fgetc.obj
 0001:00011d84       fgetpos                    0000000180012d84 f   libucrt:fgetpos.obj
 0001:00011dd0       _fputc_nolock              0000000180012dd0 f   libucrt:fputc.obj
 0001:00011de8       fputc                      0000000180012de8 f   libucrt:fputc.obj
 0001:00011efc       _fread_nolock_s            0000000180012efc f   libucrt:fread.obj
 0001:0001218c       fread                      000000018001318c f   libucrt:fread.obj
 0001:000121ac       fread_s                    00000001800131ac f   libucrt:fread.obj
 0001:00012254       fsetpos                    0000000180013254 f   libucrt:fsetpos.obj
 0001:000124b8       _fseeki64                  00000001800134b8 f   libucrt:fseek.obj
 0001:00012564       _fwrite_nolock             0000000180013564 f   libucrt:fwrite.obj
 0001:0001270c       fwrite                     000000018001370c f   libucrt:fwrite.obj
 0001:000128c0       setvbuf                    00000001800138c0 f   libucrt:setvbuf.obj
 0001:0001295c       _ungetc_nolock             000000018001395c f   libucrt:ungetc.obj
 0001:00012a74       ungetc                     0000000180013a74 f   libucrt:ungetc.obj
 0001:00012acc       malloc                     0000000180013acc f   libucrt:malloc.obj
 0001:00012de0       setlocale                  0000000180013de0 f   libucrt:setlocale.obj
 0001:00012e2c       __pctype_func              0000000180013e2c f   libucrt:ctype.obj
 0001:00012e5c       isdigit                    0000000180013e5c f i libucrt:_ctype.obj
 0001:00012ed4       islower                    0000000180013ed4 f i libucrt:_ctype.obj
 0001:00012f4c       isupper                    0000000180013f4c f i libucrt:_ctype.obj
 0001:00012fc4       _wcsdup                    0000000180013fc4 f   libucrt:wcsdup.obj
 0001:00013048       ___lc_codepage_func        0000000180014048 f   libucrt:initctype.obj
 0001:00013078       ___lc_locale_name_func     0000000180014078 f   libucrt:initctype.obj
 0001:000130ac       ___mb_cur_max_func         00000001800140ac f   libucrt:initctype.obj
 0001:000130dc       __acrt_locale_initialize_ctype 00000001800140dc f   libucrt:initctype.obj
 0001:00013738       __acrt_errno_from_os_error 0000000180014738 f   libucrt:errno.obj
 0001:00013780       __acrt_errno_map_os_error  0000000180014780 f   libucrt:errno.obj
 0001:000137d0       __doserrno                 00000001800147d0 f   libucrt:errno.obj
 0001:000137f0       _errno                     00000001800147f0 f   libucrt:errno.obj
 0001:00013810       ?divide@__crt_strtox@@YA_KAEAUbig_integer@1@AEBU21@@Z 0000000180014810 f i libucrt:strtod.obj
 0001:00013d30       pow                        0000000180014d30 f   libucrt:pow.obj
 0001:000153d0       powf                       00000001800163d0 f   libucrt:powf.obj
 0001:00016298       __strncnt                  0000000180017298 f   libucrt:strncnt.obj
 0001:00016300       _tolower_l                 0000000180017300 f   libucrt:tolower_toupper.obj
 0001:00016440       tolower                    0000000180017440 f   libucrt:tolower_toupper.obj
 0001:0001646c       wcscpy_s                   000000018001746c f   libucrt:wcscpy_s.obj
 0001:000164e4       strnlen                    00000001800174e4 f   libucrt:strnlen.obj
 0001:00016634       wcsnlen                    0000000180017634 f   libucrt:strnlen.obj
 0001:0001680c       __acrt_initialize_new_handler 000000018001780c f   libucrt:new_handler.obj
 0001:00016814       _callnewh                  0000000180017814 f   libucrt:new_handler.obj
 0001:00016844       _query_new_handler         0000000180017844 f   libucrt:new_handler.obj
 0001:00016878       _seh_filter_dll            0000000180017878 f   libucrt:exception_filter.obj
 0001:0001688c       _seh_filter_exe            000000018001788c f   libucrt:exception_filter.obj
 0001:00016c84       __acrt_initialize_thread_local_exit_callback 0000000180017c84 f   libucrt:exit.obj
 0001:00016c8c       _cexit                     0000000180017c8c f   libucrt:exit.obj
 0001:00016c9c       _exit                      0000000180017c9c f   libucrt:exit.obj
 0001:00016ca8       _is_c_termination_complete 0000000180017ca8 f   libucrt:exit.obj
 0001:00016e74       __acrt_allocate_buffer_for_argv 0000000180017e74 f   libucrt:argv_parsing.obj
 0001:00016ed4       _configure_narrow_argv     0000000180017ed4 f   libucrt:argv_parsing.obj
 0001:0001724c       __dcrt_uninitialize_environments_nolock 000000018001824c f   libucrt:environment_initialization.obj
 0001:00017284       _initialize_narrow_environment 0000000180018284 f   libucrt:environment_initialization.obj
 0001:00017614       _crt_atexit                0000000180018614 f   libucrt:onexit.obj
 0001:00017624       _execute_onexit_table      0000000180018624 f   libucrt:onexit.obj
 0001:00017660       _initialize_onexit_table   0000000180018660 f   libucrt:onexit.obj
 0001:000176a0       _register_onexit_function  00000001800186a0 f   libucrt:onexit.obj
 0001:00017828       __acrt_initialize          0000000180018828 f   libucrt:initialization.obj
 0001:0001783c       __acrt_thread_attach       000000018001883c f   libucrt:initialization.obj
 0001:00017850       __acrt_thread_detach       0000000180018850 f   libucrt:initialization.obj
 0001:00017860       __acrt_uninitialize        0000000180018860 f   libucrt:initialization.obj
 0001:00017898       __acrt_uninitialize_critical 0000000180018898 f   libucrt:initialization.obj
 0001:000178a8       _initterm                  00000001800188a8 f   libucrt:initterm.obj
 0001:0001790c       _initterm_e                000000018001890c f   libucrt:initterm.obj
 0001:0001794c       strcpy_s                   000000018001894c f   libucrt:strcpy_s.obj
 0001:000179bc       wcsncmp                    00000001800189bc f   libucrt:wcsncmp.obj
 0001:000179e8       ??$parse_integer@KV?$c_string_character_source@D@__crt_strtox@@@__crt_strtox@@YAKQEAU__crt_locale_pointers@@V?$c_string_character_source@D@0@H_N@Z 00000001800189e8 f i libucrt:atox.obj
 0001:00017d24       ??$parse_integer@KV?$c_string_character_source@_W@__crt_strtox@@@__crt_strtox@@YAKQEAU__crt_locale_pointers@@V?$c_string_character_source@_W@0@H_N@Z 0000000180018d24 f i libucrt:atox.obj
 0001:000183d8       _wtol                      00000001800193d8 f   libucrt:atox.obj
 0001:00018420       strncmp                    0000000180019420 f   libucrt:strncmp.obj
 0001:000184e8       __acrt_get_sigabrt_handler 00000001800194e8 f   libucrt:signal.obj
 0001:00018518       __acrt_initialize_signal_handlers 0000000180019518 f   libucrt:signal.obj
 0001:00018538       raise                      0000000180019538 f   libucrt:signal.obj
 0001:000187b8       _calloc_base               00000001800197b8 f   libucrt:calloc_base.obj
 0001:00018ba8       __acrt_freeptd             0000000180019ba8 f   libucrt:per_thread_data.obj
 0001:00018bec       __acrt_getptd              0000000180019bec f   libucrt:per_thread_data.obj
 0001:00018cb0       __acrt_getptd_head         0000000180019cb0 f   libucrt:per_thread_data.obj
 0001:00018d58       __acrt_getptd_noexit       0000000180019d58 f   libucrt:per_thread_data.obj
 0001:00018e10       __acrt_initialize_ptd      0000000180019e10 f   libucrt:per_thread_data.obj
 0001:00018e4c       __acrt_uninitialize_ptd    0000000180019e4c f   libucrt:per_thread_data.obj
 0001:00018e70       _free_base                 0000000180019e70 f   libucrt:free_base.obj
 0001:00018eb0       _malloc_base               0000000180019eb0 f   libucrt:malloc_base.obj
 0001:00018f10       strtol                     0000000180019f10 f   libucrt:strtox.obj
 0001:00018f3c       wcstol                     0000000180019f3c f   libucrt:strtox.obj
 0001:00018f68       _mbtowc_l                  0000000180019f68 f   libucrt:mbtowc.obj
 0001:000190e4       mbtowc                     000000018001a0e4 f   libucrt:mbtowc.obj
 0001:000190ec       _wctomb_s_l                000000018001a0ec f   libucrt:wctomb.obj
 0001:00019270       wctomb_s                   000000018001a270 f   libucrt:wctomb.obj
 0001:00019284       __acrt_update_locale_info  000000018001a284 f   libucrt:locale_update.obj
 0001:000192b8       __acrt_update_multibyte_info 000000018001a2b8 f   libucrt:locale_update.obj
 0001:00019cbc       __acrt_fp_format           000000018001acbc f   libucrt:cvt.obj
 0001:00019f44       _fputwc_nolock             000000018001af44 f   libucrt:fputwc.obj
 0001:0001a0bc       _fileno                    000000018001b0bc f   libucrt:fileno.obj
 0001:0001a0e4       _get_printf_count_output   000000018001b0e4 f   libucrt:printf_count_output.obj
 0001:0001a0fc       __acrt_stdio_begin_temporary_buffering_nolock 000000018001b0fc f   libucrt:_sftbuf.obj
 0001:0001a1cc       __acrt_stdio_end_temporary_buffering_nolock 000000018001b1cc f   libucrt:_sftbuf.obj
 0001:0001a470       __acrt_copy_locale_name    000000018001b470 f   libucrt:wsetlocale.obj
 0001:0001a4f4       __acrt_set_locale_changed  000000018001b4f4 f   libucrt:wsetlocale.obj
 0001:0001a500       __acrt_uninitialize_locale 000000018001b500 f   libucrt:wsetlocale.obj
 0001:0001a530       __lc_lctowcs               000000018001b530 f   libucrt:wsetlocale.obj
 0001:0001a5d4       __lc_wcstolc               000000018001b5d4 f   libucrt:wsetlocale.obj
 0001:0001a854       _expandlocale              000000018001b854 f   libucrt:wsetlocale.obj
 0001:0001acdc       _wcscats                   000000018001bcdc f   libucrt:wsetlocale.obj
 0001:0001ad44       _wsetlocale                000000018001bd44 f   libucrt:wsetlocale.obj
 0001:0001b798       __acrt_initialize_lowio    000000018001c798 f   libucrt:ioinit.obj
 0001:0001b7d4       __acrt_uninitialize_lowio  000000018001c7d4 f   libucrt:ioinit.obj
 0001:0001b814       _dsign                     000000018001c814 f   libucrt:nan.obj
 0001:0001b82c       _errcode                   000000018001c82c f   libucrt:fpexcept.obj
 0001:0001b870       _except1                   000000018001c870 f   libucrt:fpexcept.obj
 0001:0001b964       _handle_exc                000000018001c964 f   libucrt:fpexcept.obj
 0001:0001bbcc       _raise_exc                 000000018001cbcc f   libucrt:fpexcept.obj
 0001:0001bbf4       _raise_exc_ex              000000018001cbf4 f   libucrt:fpexcept.obj
 0001:0001bf04       _raise_excf                000000018001cf04 f   libucrt:fpexcept.obj
 0001:0001bf30       _set_errno_from_matherr    000000018001cf30 f   libucrt:fpexcept.obj
 0001:0001bf60       _umatherr                  000000018001cf60 f   libucrt:fpexcept.obj
 0001:0001c034       _decomp                    000000018001d034 f   libucrt:util.obj
 0001:0001c16c       _sptype                    000000018001d16c f   libucrt:util.obj
 0001:0001c1e0       _clrfp                     000000018001d1e0 f   libucrt:fpctrl.obj
 0001:0001c200       _ctrlfp                    000000018001d200 f   libucrt:fpctrl.obj
 0001:0001c27c       _set_statfp                000000018001d27c f   libucrt:fpctrl.obj
 0001:0001c29c       _statfp                    000000018001d29c f   libucrt:fpctrl.obj
 0001:0001c2b0       _query_app_type            000000018001d2b0 f   libucrt:report_runtime_error.obj
 0001:0001c3e8       _itow_s                    000000018001d3e8 f   libucrt:xtoa.obj
 0001:0001c408       _set_error_mode            000000018001d408 f   libucrt:set_error_mode.obj
 0001:0001c448       wcscat_s                   000000018001d448 f   libucrt:wcscat_s.obj
 0001:0001c4d4       wcsncat_s                  000000018001d4d4 f   libucrt:wcsncat_s.obj
 0001:0001c5e8       __acrt_GetModuleFileNameA  000000018001d5e8 f   libucrt:getmodulefilenamea.obj
 0001:0001c664       __acrt_show_wide_message_box 000000018001d664 f   libucrt:crtmbox.obj
 0001:0001c9ac       __acrt_AppPolicyGetProcessTerminationMethodInternal 000000018001d9ac f   libucrt:winapi_thunks.obj
 0001:0001c9fc       __acrt_AppPolicyGetShowDeveloperDiagnosticInternal 000000018001d9fc f   libucrt:winapi_thunks.obj
 0001:0001ca4c       __acrt_AppPolicyGetWindowingModelInternal 000000018001da4c f   libucrt:winapi_thunks.obj
 0001:0001ca9c       __acrt_EnumSystemLocalesEx 000000018001da9c f   libucrt:winapi_thunks.obj
 0001:0001cb34       __acrt_FlsAlloc            000000018001db34 f   libucrt:winapi_thunks.obj
 0001:0001cb7c       __acrt_FlsFree             000000018001db7c f   libucrt:winapi_thunks.obj
 0001:0001cbc4       __acrt_FlsGetValue         000000018001dbc4 f   libucrt:winapi_thunks.obj
 0001:0001cc0c       __acrt_FlsSetValue         000000018001dc0c f   libucrt:winapi_thunks.obj
 0001:0001cc60       __acrt_GetLocaleInfoEx     000000018001dc60 f   libucrt:winapi_thunks.obj
 0001:0001cce4       __acrt_GetUserDefaultLocaleName 000000018001dce4 f   libucrt:winapi_thunks.obj
 0001:0001cd48       __acrt_InitializeCriticalSectionEx 000000018001dd48 f   libucrt:winapi_thunks.obj
 0001:0001cdac       __acrt_IsValidLocaleName   000000018001ddac f   libucrt:winapi_thunks.obj
 0001:0001ce04       __acrt_LCIDToLocaleName    000000018001de04 f   libucrt:winapi_thunks.obj
 0001:0001ce74       __acrt_LCMapStringEx       000000018001de74 f   libucrt:winapi_thunks.obj
 0001:0001cf50       __acrt_LocaleNameToLCID    000000018001df50 f   libucrt:winapi_thunks.obj
 0001:0001cfa0       __acrt_MessageBoxW         000000018001dfa0 f   libucrt:winapi_thunks.obj
 0001:0001d014       __acrt_can_show_message_box 000000018001e014 f   libucrt:winapi_thunks.obj
[...]
 0004:000020d0       $pdata$__acrt_lowio_create_handle_array 00000001800480d0     libucrt:osfinfo.obj
 0004:000020dc       $pdata$__acrt_lowio_destroy_handle_array 00000001800480dc     libucrt:osfinfo.obj
 0004:000020e8       $pdata$__acrt_lowio_ensure_fh_exists 00000001800480e8     libucrt:osfinfo.obj
 0004:000020f4       $pdata$_free_osfhnd        00000001800480f4     libucrt:osfinfo.obj
 0004:00002100       $pdata$_get_osfhandle      0000000180048100     libucrt:osfinfo.obj
 0004:00002118       $pdata$?GetTableIndexFromLocaleName@@YAHPEB_W@Z 0000000180048118     libucrt:lcidtoname_downlevel.obj
 0004:00002124       $pdata$__acrt_DownlevelLCIDToLocaleName 0000000180048124     libucrt:lcidtoname_downlevel.obj
 0004:00002130       $pdata$__acrt_DownlevelLocaleNameToLCID 0000000180048130     libucrt:lcidtoname_downlevel.obj
 0004:0000213c       $pdata$_putwch_nolock      000000018004813c     libucrt:putwch.obj
 0004:00002148       $pdata$?__wcsrtombs_utf8@__crt_mbstring@@YA_KPEADPEAPEB_W_KPEAU_Mbstatet@@@Z 0000000180048148     libucrt:wcrtomb.obj
 0004:00002154       $pdata$strncpy_s           0000000180048154     libucrt:strncpy_s.obj
 0004:00002160       $pdata$__acrt_fenv_set_control 0000000180048160     libucrt:_fenvutils.obj
 0004:0000216c       $pdata$_call_matherr       000000018004816c     libucrt:libm_error.obj
 0004:00002178       $pdata$_exception_enabled  0000000180048178     libucrt:libm_error.obj
 0004:00002184       $pdata$_handle_error       0000000180048184     libucrt:libm_error.obj
 0004:00002190       $pdata$_handle_errorf      0000000180048190     libucrt:libm_error.obj
 0004:0000219c       $pdata$_towlower_l         000000018004819c     libucrt:towlower.obj
 0004:000021a8       $pdata$qsort               00000001800481a8     libucrt:qsort.obj
 0004:000021b4       $pdata$4$qsort             00000001800481b4     libucrt:qsort.obj
 0004:000021c0       $pdata$5$qsort             00000001800481c0     libucrt:qsort.obj
 0004:000021cc       $pdata$fallbackMethod      00000001800481cc     libucrt:strpbrk.obj
 0004:000021d8       $pdata$strpbrk             00000001800481d8     libucrt:strpbrk.obj
 0004:000021e4       $pdata$??$__acrt_convert_wcs_mbs@D_W$$A6A_KPEA_WPEBD_KPEAU__crt_locale_pointers@@@ZU__crt_win32_buffer_internal_dynamic_resizing@@@@YAHQEBDAEAV?$__crt_win32_buffer@_WU__crt_win32_buffer_internal_dynamic_resizing@@@@A6A_KPEA_WPEBD_KPEAU__crt_locale_pointers@@@Z5@Z 00000001800481e4     libucrt:findfirstfileexa.obj
 0004:000021f0       $pdata$__acrt_FindFirstFileExA 00000001800481f0     libucrt:findfirstfileexa.obj
 0004:000021fc       $pdata$??$__acrt_convert_wcs_mbs@_WD$$A6A_KPEADPEB_W_KPEAU__crt_locale_pointers@@@ZU__crt_win32_buffer_no_resizing@@@@YAHQEB_WAEAV?$__crt_win32_buffer@DU__crt_win32_buffer_no_resizing@@@@A6A_KPEADPEB_W_KPEAU__crt_locale_pointers@@@Z5@Z 00000001800481fc     libucrt:findnextfilea.obj
 0004:00002208       $pdata$__acrt_FindNextFileA 0000000180048208     libucrt:findnextfilea.obj
 0004:00002214       $pdata$_mbsdec_l           0000000180048214     libucrt:mbsdec.obj
 0004:00002220       $pdata$?initialize_multibyte@@YAHXZ 0000000180048220     libucrt:multibyte_initializer.obj
 0004:0000222c       $pdata$_msize_base         000000018004822c     libucrt:msize.obj
 0004:00002238       $pdata$?__mbrtoc32_utf8@__crt_mbstring@@YA_KPEA_UPEBD_KPEAU_Mbstatet@@@Z 0000000180048238     libucrt:mbrtoc32.obj
 0004:00002244       $pdata$fegetenv            0000000180048244     libucrt:fegetenv.obj
 0004:00002250       $pdata$fesetenv            0000000180048250     libucrt:fesetenv.obj
 0004:0000225c       $pdata$feholdexcept        000000018004825c     libucrt:feholdexcept.obj
 0004:00002274       $pdata$_wcsnicmp           0000000180048274     libucrt:wcsnicmp.obj
 0004:00002280       $pdata$_wcsnicmp_l         0000000180048280     libucrt:wcsnicmp.obj
 0004:0000228c       $pdata$__dcrt_lowio_ensure_console_output_initialized 000000018004828c     libucrt:initcon.obj
 0004:00002298       $pdata$__dcrt_terminate_console_output 0000000180048298     libucrt:initcon.obj
 0004:000022a4       $pdata$__dcrt_write_console 00000001800482a4     libucrt:initcon.obj
 0004:000022b0       $pdata$?__c16rtomb_utf8@__crt_mbstring@@YA_KPEAD_SPEAU_Mbstatet@@@Z 00000001800482b0     libucrt:c16rtomb.obj
 0004:000022bc       $pdata$__acrt_LCMapStringW 00000001800482bc     libucrt:lcmapstringw.obj
 0004:000022c8       $pdata$_clearfp            00000001800482c8     libucrt:ieee.obj
 0004:000022d4       $pdata$_log10_special      00000001800482d4     libucrt:log_special.obj
 0004:000022e0       $pdata$_log_special_common 00000001800482e0     libucrt:log_special.obj
 0004:000022ec       $pdata$?__c32rtomb_utf8@__crt_mbstring@@YA_KPEAD_UPEAU_Mbstatet@@@Z 00000001800482ec     libucrt:c32rtomb.obj
 0004:000022f8       $pdata$?DloadAcquireSectionWriteAccess@@YAXXZ 00000001800482f8     DelayImp:delayhlp.obj
 0004:00002304       $pdata$?DloadGetSRWLockFunctionPointers@@YAEXZ 0000000180048304     DelayImp:delayhlp.obj
 0004:00002310       $pdata$?DloadMakePermanentImageCommit@@YAXPEAX_K@Z 0000000180048310     DelayImp:delayhlp.obj
 0004:0000231c       $pdata$?DloadObtainSection@@YAPEAXPEAK0@Z 000000018004831c     DelayImp:delayhlp.obj
 0004:00002328       $pdata$?DloadProtectSection@@YAXKPEAK@Z 0000000180048328     DelayImp:delayhlp.obj
 0004:00002334       $pdata$?DloadReleaseSectionWriteAccess@@YAXXZ 0000000180048334     DelayImp:delayhlp.obj
 0004:00002340       $pdata$__delayLoadHelper2  0000000180048340     DelayImp:delayhlp.obj
 0004:0000234c       $pdata$_IsNonwritableInCurrentImage 000000018004834c     LIBCMT:pesect.obj
 0004:00002358       $pdata$_local_unwind       0000000180048358     libvcruntime:_jmpuwind_.obj
 0004:00002364       $pdata$strrchr             0000000180048364     libvcruntime:strrchr.obj
 0004:00002370       $pdata$wcschr              0000000180048370     libvcruntime:wcschr.obj
 0004:00002388       $pdata$?dtor$0@?0???0?$basic_ostream@DU?$char_traits@D@std@@@std@@QEAA@PEAV?$basic_streambuf@DU?$char_traits@D@std@@@1@_N@Z@4HA 0000000180048388     libcpmt:cout.obj
 0004:00002394       $pdata$?dtor$0@?0??_Getcat@?$codecvt@DDU_Mbstatet@@@std@@SA_KPEAPEBVfacet@locale@2@PEBV42@@Z@4HA 0000000180048394     libcpmt:cout.obj
 0004:000023a0       $pdata$__scrt_is_nonwritable_in_current_image$filt$0 00000001800483a0     LIBCMT:utility.obj
 0004:000023ac       $pdata$?fin$0@?0??dllmain_crt_process_attach@@YAHQEAUHINSTANCE__@@QEAX@Z@4HA 00000001800483ac     LIBCMT:dll_dllmain.obj
 0004:000023b8       $pdata$?fin$0@?0??dllmain_crt_process_detach@@YAH_N@Z@4HA 00000001800483b8     LIBCMT:dll_dllmain.obj
 0004:000023c4       $pdata$?filt$0@?0??dllmain_dispatch@@YAHQEAUHINSTANCE__@@KQEAX@Z@4HA 00000001800483c4     LIBCMT:dll_dllmain.obj
 0004:000023d0       $pdata$?filt$0@?0???$_CallSETranslator@V__FrameHandler3@@@@YAHPEAUEHExceptionRecord@@PEA_KPEAU_CONTEXT@@PEAU_xDISPATCHER_CONTEXT@@PEBU_s_FuncInfo@@K1@Z@4HA 00000001800483d0     libvcruntime:risctrnsctrl.obj
 0004:000023dc       $pdata$__DestructExceptionObject$filt$0 00000001800483dc     libvcruntime:ehhelpers.obj
 0004:000023e8       $pdata$?filt$0@?0??CxxCallCatchBlock@__FrameHandler3@@SAPEAXPEAU_EXCEPTION_RECORD@@@Z@4HA 00000001800483e8     libvcruntime:frame.obj
 0004:000023f4       $pdata$?fin$1@?0??CxxCallCatchBlock@__FrameHandler3@@SAPEAXPEAU_EXCEPTION_RECORD@@@Z@4HA 00000001800483f4     libvcruntime:frame.obj
 0004:00002400       $pdata$?filt$0@?0??FrameUnwindToState@__FrameHandler3@@SAXPEA_KPEAU_xDISPATCHER_CONTEXT@@PEBU_s_FuncInfo@@H@Z@4HA 0000000180048400     libvcruntime:frame.obj
 0004:0000240c       $pdata$?fin$1@?0??FrameUnwindToState@__FrameHandler3@@SAXPEA_KPEAU_xDISPATCHER_CONTEXT@@PEBU_s_FuncInfo@@H@Z@4HA 000000018004840c     libvcruntime:frame.obj
 0004:00002418       $pdata$?fin$0@?0???$?RV<lambda_bdbcead8b570fa3d5ec6d9679862a6e5>@@AEAV<lambda_96f4279ff90247a4c5c5d9824f56f8c1>@@V<lambda_4606be27f17b5e5579e09050fab91818>@@@?$__crt_seh_guarded_call@_K@@QEAA_K$$QEAV<lambda_bdbcead8b570fa3d5ec6d9679862a6e5>@@AEAV<lambda_96f4279ff90247a4c5c5d9824f56f8c1>@@$$QEAV<lambda_4606be27f17b5e5579e09050fab91818>@@@Z@4HA 0000000180048418     libucrt:fwrite.obj
 0004:00002418       $pdata$?fin$0@?0???$?RV<lambda_c376a267cfb53b6959b3b692ec76b120>@@AEAV<lambda_9a32fed5bf61b6b509b2d3f6003082a1>@@V<lambda_572fbb9fa0ab338edf41edfd4b5fcc8d>@@@?$__crt_seh_guarded_call@H@@QEAAH$$QEAV<lambda_c376a267cfb53b6959b3b692ec76b120>@@AEAV<lambda_9a32fed5bf61b6b509b2d3f6003082a1>@@$$QEAV<lambda_572fbb9fa0ab338edf41edfd4b5fcc8d>@@@Z@4HA 0000000180048418     libucrt:fflush.obj
 0004:00002418       $pdata$?fin$0@?0???$?RV<lambda_84ec643ea9557e2f7dc01bb0e9624395>@@AEAV<lambda_ca71763b3c0644891230e4f79ea54fa6>@@V<lambda_439a761618c59b0600e24586724d733b>@@@?$__crt_seh_guarded_call@H@@QEAAH$$QEAV<lambda_84ec643ea9557e2f7dc01bb0e9624395>@@AEAV<lambda_ca71763b3c0644891230e4f79ea54fa6>@@$$QEAV<lambda_439a761618c59b0600e24586724d733b>@@@Z@4HA 0000000180048418     libucrt:setvbuf.obj
 0004:00002418       $pdata$?fin$0@?0???$?RV<lambda_0d412022a4b28cc8a401ea49574e8ae6>@@AEAV<lambda_a775ed57af18ba8e4d5dc780aa9068fe>@@V<lambda_975a71a6baa488a08f4e15f6b0339b9e>@@@?$__crt_seh_guarded_call@H@@QEAAH$$QEAV<lambda_0d412022a4b28cc8a401ea49574e8ae6>@@AEAV<lambda_a775ed57af18ba8e4d5dc780aa9068fe>@@$$QEAV<lambda_975a71a6baa488a08f4e15f6b0339b9e>@@@Z@4HA 0000000180048418     libucrt:output.obj
 0004:00002418       $pdata$?fin$0@?0???$?RV<lambda_842d9ff0dc9ef11c61343bbaebe7f885>@@AEAV<lambda_c5860995281e5c4ce005b3de8f5874ee>@@V<lambda_d90129c13df834fdcbf8d2b88dafcf2d>@@@?$__crt_seh_guarded_call@X@@QEAAX$$QEAV<lambda_842d9ff0dc9ef11c61343bbaebe7f885>@@AEAV<lambda_c5860995281e5c4ce005b3de8f5874ee>@@$$QEAV<lambda_d90129c13df834fdcbf8d2b88dafcf2d>@@@Z@4HA 0000000180048418     libucrt:fflush.obj
 0004:00002424       $pdata$?fin$0@?0???$common_ftell@_J@@YA_JV__crt_stdio_stream@@@Z@4HA 0000000180048424     libucrt:ftell.obj
 0004:00002424       $pdata$?fin$0@?0??common_fseek@@YAHV__crt_stdio_stream@@_JH@Z@4HA 0000000180048424     libucrt:fseek.obj
 0004:00002424       $pdata$fclose$fin$0        0000000180048424     libucrt:fclose.obj
 0004:00002430       $pdata$?fin$0@?0???$?RV<lambda_886d6c58226a84441f68b9f2b8217b83>@@AEAV<lambda_ab61a845afdef5b7c387490eaf3616ee>@@V<lambda_f7f22ab5edc0698d5f6905b0d3f44752>@@@?$__crt_seh_guarded_call@X@@QEAAX$$QEAV<lambda_886d6c58226a84441f68b9f2b8217b83>@@AEAV<lambda_ab61a845afdef5b7c387490eaf3616ee>@@$$QEAV<lambda_f7f22ab5edc0698d5f6905b0d3f44752>@@@Z@4HA 0000000180048430     libucrt:fflush.obj
 0004:0000243c       $pdata$fgetc$fin$0         000000018004843c     libucrt:fgetc.obj
 0004:00002448       $pdata$fputc$fin$0         0000000180048448     libucrt:fputc.obj
 0004:00002454       $pdata$fread_s$fin$0       0000000180048454     libucrt:fread.obj
 0004:00002460       $pdata$ungetc$fin$0        0000000180048460     libucrt:ungetc.obj
 0004:0000246c       $pdata$?fin$0@?0???$?RV<lambda_0ae27a3a962d80f24befdcbee591983d>@@AEAV<lambda_8d0ee55de4b1038c4002e0adecdf1839>@@V<lambda_dc504788e8f1664fe9b84e20bfb512f2>@@@?$__crt_seh_guarded_call@X@@QEAAX$$QEAV<lambda_0ae27a3a962d80f24befdcbee591983d>@@AEAV<lambda_8d0ee55de4b1038c4002e0adecdf1839>@@$$QEAV<lambda_dc504788e8f1664fe9b84e20bfb512f2>@@@Z@4HA 000000018004846c     libucrt:per_thread_data.obj
 0004:0000246c       $pdata$?fin$0@?0???$?RV<lambda_9bd929c17696992ce54f1d748594fc62>@@AEAV<lambda_082c17da81b0962e08c0587ee0fac50c>@@V<lambda_9c08ac857f4975304d44e9f601d9b878>@@@?$__crt_seh_guarded_call@PEAD@@QEAAPEAD$$QEAV<lambda_9bd929c17696992ce54f1d748594fc62>@@AEAV<lambda_082c17da81b0962e08c0587ee0fac50c>@@$$QEAV<lambda_9c08ac857f4975304d44e9f601d9b878>@@@Z@4HA 000000018004846c     libucrt:setlocale.obj
 0004:0000246c       $pdata$?fin$0@?0???$?RV<lambda_aa87e3671a710a21b5dc78c0bdf72e11>@@AEAV<lambda_92619d2358a28f41a33ba319515a20b9>@@V<lambda_6992ecaafeb10aed2b74cb1fae11a551>@@@?$__crt_seh_guarded_call@X@@QEAAX$$QEAV<lambda_aa87e3671a710a21b5dc78c0bdf72e11>@@AEAV<lambda_92619d2358a28f41a33ba319515a20b9>@@$$QEAV<lambda_6992ecaafeb10aed2b74cb1fae11a551>@@@Z@4HA 000000018004846c     libucrt:per_thread_data.obj
 0004:0000246c       $pdata$?fin$0@?0???$?RV<lambda_d80eeec6fff315bfe5c115232f3240e3>@@AEAV<lambda_6e4b09c48022b2350581041d5f6b0c4c>@@V<lambda_2358e3775559c9db80273638284d5e45>@@@?$__crt_seh_guarded_call@X@@QEAAX$$QEAV<lambda_d80eeec6fff315bfe5c115232f3240e3>@@AEAV<lambda_6e4b09c48022b2350581041d5f6b0c4c>@@$$QEAV<lambda_2358e3775559c9db80273638284d5e45>@@@Z@4HA 000000018004846c     libucrt:exit.obj
 0004:0000246c       $pdata$?fin$0@?0???$?RV<lambda_bd00b5aa228bd7e7e5b2b5db5fd2933b>@@AEAV<lambda_777d11615145f89ee95b9466d285deeb>@@V<lambda_6e5e48fbd24f9f8f81b203eb3d877683>@@@?$__crt_seh_guarded_call@H@@QEAAH$$QEAV<lambda_bd00b5aa228bd7e7e5b2b5db5fd2933b>@@AEAV<lambda_777d11615145f89ee95b9466d285deeb>@@$$QEAV<lambda_6e5e48fbd24f9f8f81b203eb3d877683>@@@Z@4HA 000000018004846c     libucrt:winapi_thunks.obj
 0004:0000246c       $pdata$?fin$0@?0???$?RV<lambda_efdfa57d1f175319df784efa44bb7b81>@@AEAV<lambda_5f0a4c1567f8adc6734073e5d1e1b35c>@@V<lambda_2e8a7d3640ea6ccb4c2413664c2db6fd>@@@?$__crt_seh_guarded_call@X@@QEAAX$$QEAV<lambda_efdfa57d1f175319df784efa44bb7b81>@@AEAV<lambda_5f0a4c1567f8adc6734073e5d1e1b35c>@@$$QEAV<lambda_2e8a7d3640ea6ccb4c2413664c2db6fd>@@@Z@4HA 000000018004846c     libucrt:mbctype.obj
 0004:0000246c       $pdata$?fin$0@?0???$?RV<lambda_2d41944a1d46af3157314b8a01080d33>@@AEAV<lambda_8f455de75cd7d7f24b4096f044d8b9e6>@@V<lambda_aa500f224e6afead328df44964fe2772>@@@?$__crt_seh_guarded_call@X@@QEAAX$$QEAV<lambda_2d41944a1d46af3157314b8a01080d33>@@AEAV<lambda_8f455de75cd7d7f24b4096f044d8b9e6>@@$$QEAV<lambda_aa500f224e6afead328df44964fe2772>@@@Z@4HA 000000018004846c     libucrt:per_thread_data.obj
 0004:0000246c       $pdata$?fin$0@?0???$?RV<lambda_8369fcb7c4df1e85de37618bd2b85f07>@@AEAV<lambda_a10e4b102d4a2c3aac6f4f48bbdf488f>@@V<lambda_5b7707bd6d7a0c4713179f36c7fd995d>@@@?$__crt_seh_guarded_call@H@@QEAAH$$QEAV<lambda_8369fcb7c4df1e85de37618bd2b85f07>@@AEAV<lambda_a10e4b102d4a2c3aac6f4f48bbdf488f>@@$$QEAV<lambda_5b7707bd6d7a0c4713179f36c7fd995d>@@@Z@4HA 000000018004846c     libucrt:onexit.obj
 0004:0000246c       $pdata$?fin$0@?0???$?RV<lambda_1d892b297fdedeee07ed8124eeb2f2fa>@@AEAV<lambda_ffc046909424fd52df0ac47e64813305>@@V<lambda_01a7098693036236037e7cdb9bca3d73>@@@?$__crt_seh_guarded_call@X@@QEAAX$$QEAV<lambda_1d892b297fdedeee07ed8124eeb2f2fa>@@AEAV<lambda_ffc046909424fd52df0ac47e64813305>@@$$QEAV<lambda_01a7098693036236037e7cdb9bca3d73>@@@Z@4HA 000000018004846c     libucrt:wsetlocale.obj
 0004:0000246c       $pdata$?fin$0@?0???$?RV<lambda_450d765d439847d4c735a33c368b5fc0>@@AEAV<lambda_44731a7d0e6d81c3e6aa82d741081786>@@V<lambda_601a2a7da3b7a96e9554ac7215c4b07c>@@@?$__crt_seh_guarded_call@P6AXH@Z@@QEAAP6AXH@Z$$QEAV<lambda_450d765d439847d4c735a33c368b5fc0>@@AEAV<lambda_44731a7d0e6d81c3e6aa82d741081786>@@$$QEAV<lambda_601a2a7da3b7a96e9554ac7215c4b07c>@@@Z@4HA 000000018004846c     libucrt:signal.obj
 0004:0000246c       $pdata$?fin$0@?0???$?RV<lambda_f2e299630e499de9f9a165e60fcd3db5>@@AEAV<lambda_2ae9d31cdba2644fcbeaf08da7c24588>@@V<lambda_40d01ff24d0e7b3814fdbdcee8eab3c7>@@@?$__crt_seh_guarded_call@X@@QEAAX$$QEAV<lambda_f2e299630e499de9f9a165e60fcd3db5>@@AEAV<lambda_2ae9d31cdba2644fcbeaf08da7c24588>@@$$QEAV<lambda_40d01ff24d0e7b3814fdbdcee8eab3c7>@@@Z@4HA 000000018004846c     libucrt:per_thread_data.obj
 0004:0000246c       $pdata$?fin$0@?0???$?RV<lambda_7777bce6b2f8c936911f934f8298dc43>@@AEAV<lambda_f03950bc5685219e0bcd2087efbe011e>@@V<lambda_3883c3dff614d5e0c5f61bb1ac94921c>@@@?$__crt_seh_guarded_call@H@@QEAAH$$QEAV<lambda_7777bce6b2f8c936911f934f8298dc43>@@AEAV<lambda_f03950bc5685219e0bcd2087efbe011e>@@$$QEAV<lambda_3883c3dff614d5e0c5f61bb1ac94921c>@@@Z@4HA 000000018004846c     libucrt:onexit.obj
 0004:00002478       $pdata$_query_new_handler$fin$0 0000000180048478     libucrt:new_handler.obj
 0004:00002484       $pdata$?filt$0@?0???R<lambda_6e4b09c48022b2350581041d5f6b0c4c>@@QEBA@XZ@4HA 0000000180048484     libucrt:exit.obj
 0004:00002490       $pdata$raise$fin$0         0000000180048490     libucrt:signal.obj
 0004:0000249c       $pdata$?fin$0@?0???$?RV<lambda_410d79af7f07d98d83a3f525b3859a53>@@AEAV<lambda_3e16ef9562a7dcce91392c22ab16ea36>@@V<lambda_38119f0e861e05405d8a144b9b982f0a>@@@?$__crt_seh_guarded_call@X@@QEAAX$$QEAV<lambda_410d79af7f07d98d83a3f525b3859a53>@@AEAV<lambda_3e16ef9562a7dcce91392c22ab16ea36>@@$$QEAV<lambda_38119f0e861e05405d8a144b9b982f0a>@@@Z@4HA 000000018004849c     libucrt:wsetlocale.obj
 0004:000024a8       $pdata$?fin$0@?0???$?RV<lambda_7f2adfce497ff2baa965cd4f576ecfd1>@@AEAV<lambda_2a444430fde8c29194d880d93eed5e8f>@@AEAV<lambda_8dff2cf36a5417162780cd64fa2883ef>@@@?$__crt_seh_guarded_call@X@@QEAAX$$QEAV<lambda_7f2adfce497ff2baa965cd4f576ecfd1>@@AEAV<lambda_2a444430fde8c29194d880d93eed5e8f>@@AEAV<lambda_8dff2cf36a5417162780cd64fa2883ef>@@@Z@4HA 00000001800484a8     libucrt:wsetlocale.obj
 0004:000024b4       $pdata$__acrt_initialize_lowio$fin$0 00000001800484b4     libucrt:ioinit.obj
 0004:000024b4       $pdata$__acrt_lowio_ensure_fh_exists$fin$0 00000001800484b4     libucrt:osfinfo.obj
 0004:000024c0       $pdata$_ctrlfp$filt$0      00000001800484c0     libucrt:fpctrl.obj
 0004:000024cc       $pdata$_fcloseall$fin$0    00000001800484cc     libucrt:closeall.obj
 0004:000024d8       $pdata$?fin$0@?0???$?RV<lambda_a37b2b86f63e897a80ea819b0eb08c01>@@AEAV<lambda_38ce7e780aa69e748d6df282ebc68efe>@@V<lambda_99fb1378e971ab6e7edea83e3a7a83a2>@@@?$__crt_seh_guarded_call@H@@QEAAH$$QEAV<lambda_a37b2b86f63e897a80ea819b0eb08c01>@@AEAV<lambda_38ce7e780aa69e748d6df282ebc68efe>@@$$QEAV<lambda_99fb1378e971ab6e7edea83e3a7a83a2>@@@Z@4HA 00000001800484d8     libucrt:commit.obj
 0004:000024d8       $pdata$?fin$0@?0???$?RV<lambda_751a882b2c74d4b022dec766aa51a29a>@@AEAV<lambda_628dfdc04ba53c8bfc02c9951375f3f5>@@V<lambda_f6c7be5f7998530c34de24c7437d6b54>@@@?$__crt_seh_guarded_call@H@@QEAAH$$QEAV<lambda_751a882b2c74d4b022dec766aa51a29a>@@AEAV<lambda_628dfdc04ba53c8bfc02c9951375f3f5>@@$$QEAV<lambda_f6c7be5f7998530c34de24c7437d6b54>@@@Z@4HA 00000001800484d8     libucrt:close.obj
 0004:000024e4       $pdata$?fin$0@?0???$common_lseek@_J@@YA_JH_JH@Z@4HA 00000001800484e4     libucrt:lseek.obj
 0004:000024e4       $pdata$_write$fin$0        00000001800484e4     libucrt:write.obj
 0004:000024f0       $pdata$_read$fin$0         00000001800484f0     libucrt:read.obj
 0004:000024fc       $pdata$?fin$0@?0??update_thread_multibyte_data_internal@@YAPEAU__crt_multibyte_data@@QEAU__acrt_ptd@@QEAPEAU1@@Z@4HA 00000001800484fc     libucrt:mbctype.obj
 0004:00002508       $pdata$__acrt_update_thread_locale_data$fin$0 0000000180048508     libucrt:locale_refcounting.obj
 0004:00002514       $pdata$_IsNonwritableInCurrentImage$filt$0 0000000180048514     LIBCMT:pesect.obj
 0004:00002520       $pdata$??__F?instance_@Timeline@olive@@0V?$unique_ptr@VTimeline@olive@@U?$default_delete@VTimeline@olive@@@std@@@std@@A@@YAXXZ 0000000180048520     timeline.obj
 0004:0000252c       $pdata$0$??__F?instance_@Timeline@olive@@0V?$unique_ptr@VTimeline@olive@@U?$default_delete@VTimeline@olive@@@std@@@std@@A@@YAXXZ 000000018004852c     timeline.obj
 0004:00002538       $pdata$1$??__F?instance_@Timeline@olive@@0V?$unique_ptr@VTimeline@olive@@U?$default_delete@VTimeline@olive@@@std@@@std@@A@@YAXXZ 0000000180048538     timeline.obj
 0004:00002544       $pdata$??__Fcout@std@@YAXXZ 0000000180048544     libcpmt:cout.obj
 0004:00002550       $pdata$??__Fclassic_locale@std@@YAXXZ 0000000180048550     libcpmt:locale0.obj
 0004:0000255c       $pdata$??__Finit_atexit@@YAXXZ 000000018004855c     libcpmt:iosptrs.obj
 0005:00000060       $R000000                   0000000180049060     * linker generated manifest res *

 Exports

  ordinal    name

        1    _register_module_
